<!doctype html public "-//w3c//dtd html 4.0 transitional//en">
<html><head>
<title>Static Call Graph - [.\Objects\modbusTest.axf]</title></head>
<body><HR>
<H1>Static Call Graph for image .\Objects\modbusTest.axf</H1><HR>
<BR><P>#&#060CALLGRAPH&#062# ARM Linker, 5060422: Last Updated: Tue Mar 17 14:27:40 2026
<BR><P>
<H3>Maximum Stack Usage =        176 bytes + Unknown(Cycles, Untraceable Function Pointers)</H3><H3>
Call chain for Maximum Stack Depth:</H3>
port_uart_init &rArr; usart_init &rArr; crm_clocks_freq_get &rArr; __aeabi_uldivmod
<P>
<H3>
Mutually Recursive functions
</H3> <LI><a href="#[1]">NMI_Handler</a>&nbsp;&nbsp;&nbsp;&rArr;&nbsp;&nbsp;&nbsp;<a href="#[1]">NMI_Handler</a><BR>
 <LI><a href="#[2]">HardFault_Handler</a>&nbsp;&nbsp;&nbsp;&rArr;&nbsp;&nbsp;&nbsp;<a href="#[2]">HardFault_Handler</a><BR>
 <LI><a href="#[3]">MemManage_Handler</a>&nbsp;&nbsp;&nbsp;&rArr;&nbsp;&nbsp;&nbsp;<a href="#[3]">MemManage_Handler</a><BR>
 <LI><a href="#[4]">BusFault_Handler</a>&nbsp;&nbsp;&nbsp;&rArr;&nbsp;&nbsp;&nbsp;<a href="#[4]">BusFault_Handler</a><BR>
 <LI><a href="#[5]">UsageFault_Handler</a>&nbsp;&nbsp;&nbsp;&rArr;&nbsp;&nbsp;&nbsp;<a href="#[5]">UsageFault_Handler</a><BR>
 <LI><a href="#[6]">SVC_Handler</a>&nbsp;&nbsp;&nbsp;&rArr;&nbsp;&nbsp;&nbsp;<a href="#[6]">SVC_Handler</a><BR>
 <LI><a href="#[7]">DebugMon_Handler</a>&nbsp;&nbsp;&nbsp;&rArr;&nbsp;&nbsp;&nbsp;<a href="#[7]">DebugMon_Handler</a><BR>
 <LI><a href="#[8]">PendSV_Handler</a>&nbsp;&nbsp;&nbsp;&rArr;&nbsp;&nbsp;&nbsp;<a href="#[8]">PendSV_Handler</a><BR>
 <LI><a href="#[9]">SysTick_Handler</a>&nbsp;&nbsp;&nbsp;&rArr;&nbsp;&nbsp;&nbsp;<a href="#[9]">SysTick_Handler</a><BR>
 <LI><a href="#[50]">ACC_IRQHandler</a>&nbsp;&nbsp;&nbsp;&rArr;&nbsp;&nbsp;&nbsp;<a href="#[50]">ACC_IRQHandler</a><BR>
</UL>
<P>
<H3>
Function Pointers
</H3><UL>
 <LI><a href="#[50]">ACC_IRQHandler</a> from startup_at32f423.o(.text) referenced from startup_at32f423.o(RESET)
 <LI><a href="#[1c]">ADC1_IRQHandler</a> from startup_at32f423.o(.text) referenced from startup_at32f423.o(RESET)
 <LI><a href="#[4]">BusFault_Handler</a> from startup_at32f423.o(.text) referenced from startup_at32f423.o(RESET)
 <LI><a href="#[1e]">CAN1_RX0_IRQHandler</a> from startup_at32f423.o(.text) referenced from startup_at32f423.o(RESET)
 <LI><a href="#[1f]">CAN1_RX1_IRQHandler</a> from startup_at32f423.o(.text) referenced from startup_at32f423.o(RESET)
 <LI><a href="#[20]">CAN1_SE_IRQHandler</a> from startup_at32f423.o(.text) referenced from startup_at32f423.o(RESET)
 <LI><a href="#[1d]">CAN1_TX_IRQHandler</a> from startup_at32f423.o(.text) referenced from startup_at32f423.o(RESET)
 <LI><a href="#[43]">CAN2_RX0_IRQHandler</a> from startup_at32f423.o(.text) referenced from startup_at32f423.o(RESET)
 <LI><a href="#[44]">CAN2_RX1_IRQHandler</a> from startup_at32f423.o(.text) referenced from startup_at32f423.o(RESET)
 <LI><a href="#[45]">CAN2_SE_IRQHandler</a> from startup_at32f423.o(.text) referenced from startup_at32f423.o(RESET)
 <LI><a href="#[42]">CAN2_TX_IRQHandler</a> from startup_at32f423.o(.text) referenced from startup_at32f423.o(RESET)
 <LI><a href="#[f]">CRM_IRQHandler</a> from startup_at32f423.o(.text) referenced from startup_at32f423.o(RESET)
 <LI><a href="#[15]">DMA1_Channel1_IRQHandler</a> from startup_at32f423.o(.text) referenced from startup_at32f423.o(RESET)
 <LI><a href="#[16]">DMA1_Channel2_IRQHandler</a> from startup_at32f423.o(.text) referenced from startup_at32f423.o(RESET)
 <LI><a href="#[17]">DMA1_Channel3_IRQHandler</a> from startup_at32f423.o(.text) referenced from startup_at32f423.o(RESET)
 <LI><a href="#[18]">DMA1_Channel4_IRQHandler</a> from startup_at32f423.o(.text) referenced from startup_at32f423.o(RESET)
 <LI><a href="#[19]">DMA1_Channel5_IRQHandler</a> from startup_at32f423.o(.text) referenced from startup_at32f423.o(RESET)
 <LI><a href="#[1a]">DMA1_Channel6_IRQHandler</a> from startup_at32f423.o(.text) referenced from startup_at32f423.o(RESET)
 <LI><a href="#[1b]">DMA1_Channel7_IRQHandler</a> from startup_at32f423.o(.text) referenced from startup_at32f423.o(RESET)
 <LI><a href="#[3d]">DMA2_Channel1_IRQHandler</a> from startup_at32f423.o(.text) referenced from startup_at32f423.o(RESET)
 <LI><a href="#[3e]">DMA2_Channel2_IRQHandler</a> from startup_at32f423.o(.text) referenced from startup_at32f423.o(RESET)
 <LI><a href="#[3f]">DMA2_Channel3_IRQHandler</a> from startup_at32f423.o(.text) referenced from startup_at32f423.o(RESET)
 <LI><a href="#[40]">DMA2_Channel4_IRQHandler</a> from startup_at32f423.o(.text) referenced from startup_at32f423.o(RESET)
 <LI><a href="#[41]">DMA2_Channel5_IRQHandler</a> from startup_at32f423.o(.text) referenced from startup_at32f423.o(RESET)
 <LI><a href="#[47]">DMA2_Channel6_IRQHandler</a> from startup_at32f423.o(.text) referenced from startup_at32f423.o(RESET)
 <LI><a href="#[48]">DMA2_Channel7_IRQHandler</a> from startup_at32f423.o(.text) referenced from startup_at32f423.o(RESET)
 <LI><a href="#[4f]">DMAMUX_IRQHandler</a> from startup_at32f423.o(.text) referenced from startup_at32f423.o(RESET)
 <LI><a href="#[7]">DebugMon_Handler</a> from startup_at32f423.o(.text) referenced from startup_at32f423.o(RESET)
 <LI><a href="#[33]">ERTCAlarm_IRQHandler</a> from startup_at32f423.o(.text) referenced from startup_at32f423.o(RESET)
 <LI><a href="#[d]">ERTC_WKUP_IRQHandler</a> from startup_at32f423.o(.text) referenced from startup_at32f423.o(RESET)
 <LI><a href="#[10]">EXINT0_IRQHandler</a> from startup_at32f423.o(.text) referenced from startup_at32f423.o(RESET)
 <LI><a href="#[32]">EXINT15_10_IRQHandler</a> from startup_at32f423.o(.text) referenced from startup_at32f423.o(RESET)
 <LI><a href="#[11]">EXINT1_IRQHandler</a> from startup_at32f423.o(.text) referenced from startup_at32f423.o(RESET)
 <LI><a href="#[12]">EXINT2_IRQHandler</a> from startup_at32f423.o(.text) referenced from startup_at32f423.o(RESET)
 <LI><a href="#[13]">EXINT3_IRQHandler</a> from startup_at32f423.o(.text) referenced from startup_at32f423.o(RESET)
 <LI><a href="#[14]">EXINT4_IRQHandler</a> from startup_at32f423.o(.text) referenced from startup_at32f423.o(RESET)
 <LI><a href="#[21]">EXINT9_5_IRQHandler</a> from startup_at32f423.o(.text) referenced from startup_at32f423.o(RESET)
 <LI><a href="#[e]">FLASH_IRQHandler</a> from startup_at32f423.o(.text) referenced from startup_at32f423.o(RESET)
 <LI><a href="#[4c]">FPU_IRQHandler</a> from startup_at32f423.o(.text) referenced from startup_at32f423.o(RESET)
 <LI><a href="#[2]">HardFault_Handler</a> from startup_at32f423.o(.text) referenced from startup_at32f423.o(RESET)
 <LI><a href="#[2a]">I2C1_ERR_IRQHandler</a> from startup_at32f423.o(.text) referenced from startup_at32f423.o(RESET)
 <LI><a href="#[29]">I2C1_EVT_IRQHandler</a> from startup_at32f423.o(.text) referenced from startup_at32f423.o(RESET)
 <LI><a href="#[2c]">I2C2_ERR_IRQHandler</a> from startup_at32f423.o(.text) referenced from startup_at32f423.o(RESET)
 <LI><a href="#[2b]">I2C2_EVT_IRQHandler</a> from startup_at32f423.o(.text) referenced from startup_at32f423.o(RESET)
 <LI><a href="#[4b]">I2C3_ERR_IRQHandler</a> from startup_at32f423.o(.text) referenced from startup_at32f423.o(RESET)
 <LI><a href="#[4a]">I2C3_EVT_IRQHandler</a> from startup_at32f423.o(.text) referenced from startup_at32f423.o(RESET)
 <LI><a href="#[3]">MemManage_Handler</a> from startup_at32f423.o(.text) referenced from startup_at32f423.o(RESET)
 <LI><a href="#[1]">NMI_Handler</a> from startup_at32f423.o(.text) referenced from startup_at32f423.o(RESET)
 <LI><a href="#[46]">OTGFS1_IRQHandler</a> from startup_at32f423.o(.text) referenced from startup_at32f423.o(RESET)
 <LI><a href="#[34]">OTGFS1_WKUP_IRQHandler</a> from startup_at32f423.o(.text) referenced from startup_at32f423.o(RESET)
 <LI><a href="#[b]">PVM_IRQHandler</a> from startup_at32f423.o(.text) referenced from startup_at32f423.o(RESET)
 <LI><a href="#[8]">PendSV_Handler</a> from startup_at32f423.o(.text) referenced from startup_at32f423.o(RESET)
 <LI><a href="#[71]">Reset_Handler</a> from startup_at32f423.o(.text) referenced from startup_at32f423.o(RESET)
 <LI><a href="#[2d]">SPI1_IRQHandler</a> from startup_at32f423.o(.text) referenced from startup_at32f423.o(RESET)
 <LI><a href="#[2e]">SPI2_IRQHandler</a> from startup_at32f423.o(.text) referenced from startup_at32f423.o(RESET)
 <LI><a href="#[38]">SPI3_IRQHandler</a> from startup_at32f423.o(.text) referenced from startup_at32f423.o(RESET)
 <LI><a href="#[6]">SVC_Handler</a> from startup_at32f423.o(.text) referenced from startup_at32f423.o(RESET)
 <LI><a href="#[9]">SysTick_Handler</a> from startup_at32f423.o(.text) referenced from startup_at32f423.o(RESET)
 <LI><a href="#[52]">SystemInit</a> from system_at32f423.o(i.SystemInit) referenced from startup_at32f423.o(.text)
 <LI><a href="#[c]">TAMP_STAMP_IRQHandler</a> from startup_at32f423.o(.text) referenced from startup_at32f423.o(RESET)
 <LI><a href="#[35]">TMR12_GLOBAL_IRQHandler</a> from startup_at32f423.o(.text) referenced from startup_at32f423.o(RESET)
 <LI><a href="#[36]">TMR13_GLOBAL_IRQHandler</a> from startup_at32f423.o(.text) referenced from startup_at32f423.o(RESET)
 <LI><a href="#[37]">TMR14_GLOBAL_IRQHandler</a> from startup_at32f423.o(.text) referenced from startup_at32f423.o(RESET)
 <LI><a href="#[22]">TMR1_BRK_TMR9_IRQHandler</a> from startup_at32f423.o(.text) referenced from startup_at32f423.o(RESET)
 <LI><a href="#[25]">TMR1_CH_IRQHandler</a> from startup_at32f423.o(.text) referenced from startup_at32f423.o(RESET)
 <LI><a href="#[23]">TMR1_OVF_TMR10_IRQHandler</a> from startup_at32f423.o(.text) referenced from startup_at32f423.o(RESET)
 <LI><a href="#[24]">TMR1_TRG_HALL_TMR11_IRQHandler</a> from startup_at32f423.o(.text) referenced from startup_at32f423.o(RESET)
 <LI><a href="#[26]">TMR2_GLOBAL_IRQHandler</a> from startup_at32f423.o(.text) referenced from startup_at32f423.o(RESET)
 <LI><a href="#[27]">TMR3_GLOBAL_IRQHandler</a> from port_timer_at32.o(i.TMR3_GLOBAL_IRQHandler) referenced from startup_at32f423.o(RESET)
 <LI><a href="#[28]">TMR4_GLOBAL_IRQHandler</a> from startup_at32f423.o(.text) referenced from startup_at32f423.o(RESET)
 <LI><a href="#[3b]">TMR6_DAC_GLOBAL_IRQHandler</a> from startup_at32f423.o(.text) referenced from startup_at32f423.o(RESET)
 <LI><a href="#[3c]">TMR7_GLOBAL_IRQHandler</a> from startup_at32f423.o(.text) referenced from startup_at32f423.o(RESET)
 <LI><a href="#[2f]">USART1_IRQHandler</a> from port_uart_at32.o(i.USART1_IRQHandler) referenced from startup_at32f423.o(RESET)
 <LI><a href="#[30]">USART2_IRQHandler</a> from startup_at32f423.o(.text) referenced from startup_at32f423.o(RESET)
 <LI><a href="#[31]">USART3_IRQHandler</a> from startup_at32f423.o(.text) referenced from startup_at32f423.o(RESET)
 <LI><a href="#[39]">USART4_IRQHandler</a> from startup_at32f423.o(.text) referenced from startup_at32f423.o(RESET)
 <LI><a href="#[3a]">USART5_IRQHandler</a> from startup_at32f423.o(.text) referenced from startup_at32f423.o(RESET)
 <LI><a href="#[49]">USART6_IRQHandler</a> from startup_at32f423.o(.text) referenced from startup_at32f423.o(RESET)
 <LI><a href="#[4d]">USART7_IRQHandler</a> from startup_at32f423.o(.text) referenced from startup_at32f423.o(RESET)
 <LI><a href="#[4e]">USART8_IRQHandler</a> from startup_at32f423.o(.text) referenced from startup_at32f423.o(RESET)
 <LI><a href="#[5]">UsageFault_Handler</a> from startup_at32f423.o(.text) referenced from startup_at32f423.o(RESET)
 <LI><a href="#[a]">WWDT_IRQHandler</a> from startup_at32f423.o(.text) referenced from startup_at32f423.o(RESET)
 <LI><a href="#[53]">__main</a> from entry.o(.ARM.Collect$$$$00000000) referenced from startup_at32f423.o(.text)
 <LI><a href="#[61]">action_handle_error</a> from modbus_slave.o(i.action_handle_error) referenced 2 times from modbus_slave.o(.constdata)
 <LI><a href="#[60]">action_process_frame</a> from modbus_slave.o(i.action_process_frame) referenced from modbus_slave.o(.constdata)
 <LI><a href="#[5e]">action_reset</a> from modbus_slave.o(i.action_reset) referenced 3 times from modbus_slave.o(.constdata)
 <LI><a href="#[5f]">action_rx_byte</a> from modbus_slave.o(i.action_rx_byte) referenced from modbus_slave.o(.constdata)
 <LI><a href="#[5d]">action_start_rx</a> from modbus_slave.o(i.action_start_rx) referenced from modbus_slave.o(.constdata)
 <LI><a href="#[62]">action_start_tx</a> from modbus_slave.o(i.action_start_tx) referenced from modbus_slave.o(.constdata)
 <LI><a href="#[63]">action_tx_complete</a> from modbus_slave.o(i.action_tx_complete) referenced from modbus_slave.o(.constdata)
 <LI><a href="#[54]">fputc</a> from fputc.o(i.fputc) referenced from printf8.o(i.__0printf$8)
 <LI><a href="#[51]">main</a> from main.o(i.main) referenced from entry9a.o(.ARM.Collect$$$$0000000B)
 <LI><a href="#[59]">on_coil_written</a> from main.o(i.on_coil_written) referenced from main.o(.constdata)
 <LI><a href="#[5a]">on_discrete_input_read</a> from main.o(i.on_discrete_input_read) referenced from main.o(.constdata)
 <LI><a href="#[58]">on_error</a> from main.o(i.on_error) referenced from main.o(i.system_init)
 <LI><a href="#[5b]">on_holding_reg_written</a> from main.o(i.on_holding_reg_written) referenced from main.o(.constdata)
 <LI><a href="#[5c]">on_input_reg_read</a> from main.o(i.on_input_reg_read) referenced from main.o(.constdata)
 <LI><a href="#[6a]">port_timer_deinit</a> from port_timer_at32.o(i.port_timer_deinit) referenced from port_timer_at32.o(.constdata)
 <LI><a href="#[69]">port_timer_init</a> from port_timer_at32.o(i.port_timer_init) referenced from port_timer_at32.o(.constdata)
 <LI><a href="#[70]">port_timer_is_expired</a> from port_timer_at32.o(i.port_timer_is_expired) referenced from port_timer_at32.o(.constdata)
 <LI><a href="#[6d]">port_timer_reset</a> from port_timer_at32.o(i.port_timer_reset) referenced from port_timer_at32.o(.constdata)
 <LI><a href="#[6f]">port_timer_set_callback</a> from port_timer_at32.o(i.port_timer_set_callback) referenced from port_timer_at32.o(.constdata)
 <LI><a href="#[6e]">port_timer_set_timeout</a> from port_timer_at32.o(i.port_timer_set_timeout) referenced from port_timer_at32.o(.constdata)
 <LI><a href="#[6b]">port_timer_start</a> from port_timer_at32.o(i.port_timer_start) referenced from port_timer_at32.o(.constdata)
 <LI><a href="#[6c]">port_timer_stop</a> from port_timer_at32.o(i.port_timer_stop) referenced from port_timer_at32.o(.constdata)
 <LI><a href="#[65]">port_uart_deinit</a> from port_uart_at32.o(i.port_uart_deinit) referenced from port_uart_at32.o(.constdata)
 <LI><a href="#[64]">port_uart_init</a> from port_uart_at32.o(i.port_uart_init) referenced from port_uart_at32.o(.constdata)
 <LI><a href="#[66]">port_uart_send</a> from port_uart_at32.o(i.port_uart_send) referenced from port_uart_at32.o(.constdata)
 <LI><a href="#[67]">port_uart_set_rx_callback</a> from port_uart_at32.o(i.port_uart_set_rx_callback) referenced from port_uart_at32.o(.constdata)
 <LI><a href="#[68]">port_uart_set_tx_complete_callback</a> from port_uart_at32.o(i.port_uart_set_tx_complete_callback) referenced from port_uart_at32.o(.constdata)
 <LI><a href="#[57]">timer_timeout_callback</a> from modbus_slave.o(i.timer_timeout_callback) referenced from modbus_slave.o(i.modbus_slave_init)
 <LI><a href="#[55]">uart_rx_callback</a> from modbus_slave.o(i.uart_rx_callback) referenced from modbus_slave.o(i.modbus_slave_init)
 <LI><a href="#[56]">uart_tx_complete_callback</a> from modbus_slave.o(i.uart_tx_complete_callback) referenced from modbus_slave.o(i.modbus_slave_init)
</UL>
<P>
<H3>
Global Symbols
</H3>
<P><STRONG><a name="[53]"></a>__main</STRONG> (Thumb, 0 bytes, Stack size unknown bytes, entry.o(.ARM.Collect$$$$00000000))
<BR>[Address Reference Count : 1]<UL><LI> startup_at32f423.o(.text)
</UL>
<P><STRONG><a name="[cd]"></a>_main_stk</STRONG> (Thumb, 0 bytes, Stack size unknown bytes, entry2.o(.ARM.Collect$$$$00000001))

<P><STRONG><a name="[72]"></a>_main_scatterload</STRONG> (Thumb, 0 bytes, Stack size unknown bytes, entry5.o(.ARM.Collect$$$$00000004))
<BR><BR>[Calls]<UL><LI><a href="#[73]">&gt;&gt;</a>&nbsp;&nbsp;&nbsp;__scatterload
</UL>

<P><STRONG><a name="[7a]"></a>__main_after_scatterload</STRONG> (Thumb, 0 bytes, Stack size unknown bytes, entry5.o(.ARM.Collect$$$$00000004))
<BR><BR>[Called By]<UL><LI><a href="#[73]">&gt;&gt;</a>&nbsp;&nbsp;&nbsp;__scatterload
</UL>

<P><STRONG><a name="[ce]"></a>_main_clock</STRONG> (Thumb, 0 bytes, Stack size unknown bytes, entry7b.o(.ARM.Collect$$$$00000008))

<P><STRONG><a name="[cf]"></a>_main_cpp_init</STRONG> (Thumb, 0 bytes, Stack size unknown bytes, entry8b.o(.ARM.Collect$$$$0000000A))

<P><STRONG><a name="[d0]"></a>_main_init</STRONG> (Thumb, 0 bytes, Stack size unknown bytes, entry9a.o(.ARM.Collect$$$$0000000B))

<P><STRONG><a name="[d1]"></a>__rt_final_cpp</STRONG> (Thumb, 0 bytes, Stack size unknown bytes, entry10a.o(.ARM.Collect$$$$0000000D))

<P><STRONG><a name="[d2]"></a>__rt_final_exit</STRONG> (Thumb, 0 bytes, Stack size unknown bytes, entry11a.o(.ARM.Collect$$$$0000000F))

<P><STRONG><a name="[71]"></a>Reset_Handler</STRONG> (Thumb, 8 bytes, Stack size 0 bytes, startup_at32f423.o(.text))

<P><STRONG><a name="[1]"></a>NMI_Handler</STRONG> (Thumb, 2 bytes, Stack size 0 bytes, startup_at32f423.o(.text))
<BR><BR>[Calls]<UL><LI><a href="#[1]">&gt;&gt;</a>&nbsp;&nbsp;&nbsp;NMI_Handler
</UL>
<BR>[Called By]<UL><LI><a href="#[1]">&gt;&gt;</a>&nbsp;&nbsp;&nbsp;NMI_Handler
</UL>
<BR>[Address Reference Count : 1]<UL><LI> startup_at32f423.o(RESET)
</UL>
<P><STRONG><a name="[2]"></a>HardFault_Handler</STRONG> (Thumb, 2 bytes, Stack size 0 bytes, startup_at32f423.o(.text))
<BR><BR>[Calls]<UL><LI><a href="#[2]">&gt;&gt;</a>&nbsp;&nbsp;&nbsp;HardFault_Handler
</UL>
<BR>[Called By]<UL><LI><a href="#[2]">&gt;&gt;</a>&nbsp;&nbsp;&nbsp;HardFault_Handler
</UL>
<BR>[Address Reference Count : 1]<UL><LI> startup_at32f423.o(RESET)
</UL>
<P><STRONG><a name="[3]"></a>MemManage_Handler</STRONG> (Thumb, 2 bytes, Stack size 0 bytes, startup_at32f423.o(.text))
<BR><BR>[Calls]<UL><LI><a href="#[3]">&gt;&gt;</a>&nbsp;&nbsp;&nbsp;MemManage_Handler
</UL>
<BR>[Called By]<UL><LI><a href="#[3]">&gt;&gt;</a>&nbsp;&nbsp;&nbsp;MemManage_Handler
</UL>
<BR>[Address Reference Count : 1]<UL><LI> startup_at32f423.o(RESET)
</UL>
<P><STRONG><a name="[4]"></a>BusFault_Handler</STRONG> (Thumb, 2 bytes, Stack size 0 bytes, startup_at32f423.o(.text))
<BR><BR>[Calls]<UL><LI><a href="#[4]">&gt;&gt;</a>&nbsp;&nbsp;&nbsp;BusFault_Handler
</UL>
<BR>[Called By]<UL><LI><a href="#[4]">&gt;&gt;</a>&nbsp;&nbsp;&nbsp;BusFault_Handler
</UL>
<BR>[Address Reference Count : 1]<UL><LI> startup_at32f423.o(RESET)
</UL>
<P><STRONG><a name="[5]"></a>UsageFault_Handler</STRONG> (Thumb, 2 bytes, Stack size 0 bytes, startup_at32f423.o(.text))
<BR><BR>[Calls]<UL><LI><a href="#[5]">&gt;&gt;</a>&nbsp;&nbsp;&nbsp;UsageFault_Handler
</UL>
<BR>[Called By]<UL><LI><a href="#[5]">&gt;&gt;</a>&nbsp;&nbsp;&nbsp;UsageFault_Handler
</UL>
<BR>[Address Reference Count : 1]<UL><LI> startup_at32f423.o(RESET)
</UL>
<P><STRONG><a name="[6]"></a>SVC_Handler</STRONG> (Thumb, 2 bytes, Stack size 0 bytes, startup_at32f423.o(.text))
<BR><BR>[Calls]<UL><LI><a href="#[6]">&gt;&gt;</a>&nbsp;&nbsp;&nbsp;SVC_Handler
</UL>
<BR>[Called By]<UL><LI><a href="#[6]">&gt;&gt;</a>&nbsp;&nbsp;&nbsp;SVC_Handler
</UL>
<BR>[Address Reference Count : 1]<UL><LI> startup_at32f423.o(RESET)
</UL>
<P><STRONG><a name="[7]"></a>DebugMon_Handler</STRONG> (Thumb, 2 bytes, Stack size 0 bytes, startup_at32f423.o(.text))
<BR><BR>[Calls]<UL><LI><a href="#[7]">&gt;&gt;</a>&nbsp;&nbsp;&nbsp;DebugMon_Handler
</UL>
<BR>[Called By]<UL><LI><a href="#[7]">&gt;&gt;</a>&nbsp;&nbsp;&nbsp;DebugMon_Handler
</UL>
<BR>[Address Reference Count : 1]<UL><LI> startup_at32f423.o(RESET)
</UL>
<P><STRONG><a name="[8]"></a>PendSV_Handler</STRONG> (Thumb, 2 bytes, Stack size 0 bytes, startup_at32f423.o(.text))
<BR><BR>[Calls]<UL><LI><a href="#[8]">&gt;&gt;</a>&nbsp;&nbsp;&nbsp;PendSV_Handler
</UL>
<BR>[Called By]<UL><LI><a href="#[8]">&gt;&gt;</a>&nbsp;&nbsp;&nbsp;PendSV_Handler
</UL>
<BR>[Address Reference Count : 1]<UL><LI> startup_at32f423.o(RESET)
</UL>
<P><STRONG><a name="[9]"></a>SysTick_Handler</STRONG> (Thumb, 2 bytes, Stack size 0 bytes, startup_at32f423.o(.text))
<BR><BR>[Calls]<UL><LI><a href="#[9]">&gt;&gt;</a>&nbsp;&nbsp;&nbsp;SysTick_Handler
</UL>
<BR>[Called By]<UL><LI><a href="#[9]">&gt;&gt;</a>&nbsp;&nbsp;&nbsp;SysTick_Handler
</UL>
<BR>[Address Reference Count : 1]<UL><LI> startup_at32f423.o(RESET)
</UL>
<P><STRONG><a name="[50]"></a>ACC_IRQHandler</STRONG> (Thumb, 0 bytes, Stack size 0 bytes, startup_at32f423.o(.text))
<BR><BR>[Calls]<UL><LI><a href="#[50]">&gt;&gt;</a>&nbsp;&nbsp;&nbsp;ACC_IRQHandler
</UL>
<BR>[Called By]<UL><LI><a href="#[50]">&gt;&gt;</a>&nbsp;&nbsp;&nbsp;ACC_IRQHandler
</UL>
<BR>[Address Reference Count : 1]<UL><LI> startup_at32f423.o(RESET)
</UL>
<P><STRONG><a name="[1c]"></a>ADC1_IRQHandler</STRONG> (Thumb, 0 bytes, Stack size 0 bytes, startup_at32f423.o(.text))
<BR>[Address Reference Count : 1]<UL><LI> startup_at32f423.o(RESET)
</UL>
<P><STRONG><a name="[1e]"></a>CAN1_RX0_IRQHandler</STRONG> (Thumb, 0 bytes, Stack size 0 bytes, startup_at32f423.o(.text))
<BR>[Address Reference Count : 1]<UL><LI> startup_at32f423.o(RESET)
</UL>
<P><STRONG><a name="[1f]"></a>CAN1_RX1_IRQHandler</STRONG> (Thumb, 0 bytes, Stack size 0 bytes, startup_at32f423.o(.text))
<BR>[Address Reference Count : 1]<UL><LI> startup_at32f423.o(RESET)
</UL>
<P><STRONG><a name="[20]"></a>CAN1_SE_IRQHandler</STRONG> (Thumb, 0 bytes, Stack size 0 bytes, startup_at32f423.o(.text))
<BR>[Address Reference Count : 1]<UL><LI> startup_at32f423.o(RESET)
</UL>
<P><STRONG><a name="[1d]"></a>CAN1_TX_IRQHandler</STRONG> (Thumb, 0 bytes, Stack size 0 bytes, startup_at32f423.o(.text))
<BR>[Address Reference Count : 1]<UL><LI> startup_at32f423.o(RESET)
</UL>
<P><STRONG><a name="[43]"></a>CAN2_RX0_IRQHandler</STRONG> (Thumb, 0 bytes, Stack size 0 bytes, startup_at32f423.o(.text))
<BR>[Address Reference Count : 1]<UL><LI> startup_at32f423.o(RESET)
</UL>
<P><STRONG><a name="[44]"></a>CAN2_RX1_IRQHandler</STRONG> (Thumb, 0 bytes, Stack size 0 bytes, startup_at32f423.o(.text))
<BR>[Address Reference Count : 1]<UL><LI> startup_at32f423.o(RESET)
</UL>
<P><STRONG><a name="[45]"></a>CAN2_SE_IRQHandler</STRONG> (Thumb, 0 bytes, Stack size 0 bytes, startup_at32f423.o(.text))
<BR>[Address Reference Count : 1]<UL><LI> startup_at32f423.o(RESET)
</UL>
<P><STRONG><a name="[42]"></a>CAN2_TX_IRQHandler</STRONG> (Thumb, 0 bytes, Stack size 0 bytes, startup_at32f423.o(.text))
<BR>[Address Reference Count : 1]<UL><LI> startup_at32f423.o(RESET)
</UL>
<P><STRONG><a name="[f]"></a>CRM_IRQHandler</STRONG> (Thumb, 0 bytes, Stack size 0 bytes, startup_at32f423.o(.text))
<BR>[Address Reference Count : 1]<UL><LI> startup_at32f423.o(RESET)
</UL>
<P><STRONG><a name="[15]"></a>DMA1_Channel1_IRQHandler</STRONG> (Thumb, 0 bytes, Stack size 0 bytes, startup_at32f423.o(.text))
<BR>[Address Reference Count : 1]<UL><LI> startup_at32f423.o(RESET)
</UL>
<P><STRONG><a name="[16]"></a>DMA1_Channel2_IRQHandler</STRONG> (Thumb, 0 bytes, Stack size 0 bytes, startup_at32f423.o(.text))
<BR>[Address Reference Count : 1]<UL><LI> startup_at32f423.o(RESET)
</UL>
<P><STRONG><a name="[17]"></a>DMA1_Channel3_IRQHandler</STRONG> (Thumb, 0 bytes, Stack size 0 bytes, startup_at32f423.o(.text))
<BR>[Address Reference Count : 1]<UL><LI> startup_at32f423.o(RESET)
</UL>
<P><STRONG><a name="[18]"></a>DMA1_Channel4_IRQHandler</STRONG> (Thumb, 0 bytes, Stack size 0 bytes, startup_at32f423.o(.text))
<BR>[Address Reference Count : 1]<UL><LI> startup_at32f423.o(RESET)
</UL>
<P><STRONG><a name="[19]"></a>DMA1_Channel5_IRQHandler</STRONG> (Thumb, 0 bytes, Stack size 0 bytes, startup_at32f423.o(.text))
<BR>[Address Reference Count : 1]<UL><LI> startup_at32f423.o(RESET)
</UL>
<P><STRONG><a name="[1a]"></a>DMA1_Channel6_IRQHandler</STRONG> (Thumb, 0 bytes, Stack size 0 bytes, startup_at32f423.o(.text))
<BR>[Address Reference Count : 1]<UL><LI> startup_at32f423.o(RESET)
</UL>
<P><STRONG><a name="[1b]"></a>DMA1_Channel7_IRQHandler</STRONG> (Thumb, 0 bytes, Stack size 0 bytes, startup_at32f423.o(.text))
<BR>[Address Reference Count : 1]<UL><LI> startup_at32f423.o(RESET)
</UL>
<P><STRONG><a name="[3d]"></a>DMA2_Channel1_IRQHandler</STRONG> (Thumb, 0 bytes, Stack size 0 bytes, startup_at32f423.o(.text))
<BR>[Address Reference Count : 1]<UL><LI> startup_at32f423.o(RESET)
</UL>
<P><STRONG><a name="[3e]"></a>DMA2_Channel2_IRQHandler</STRONG> (Thumb, 0 bytes, Stack size 0 bytes, startup_at32f423.o(.text))
<BR>[Address Reference Count : 1]<UL><LI> startup_at32f423.o(RESET)
</UL>
<P><STRONG><a name="[3f]"></a>DMA2_Channel3_IRQHandler</STRONG> (Thumb, 0 bytes, Stack size 0 bytes, startup_at32f423.o(.text))
<BR>[Address Reference Count : 1]<UL><LI> startup_at32f423.o(RESET)
</UL>
<P><STRONG><a name="[40]"></a>DMA2_Channel4_IRQHandler</STRONG> (Thumb, 0 bytes, Stack size 0 bytes, startup_at32f423.o(.text))
<BR>[Address Reference Count : 1]<UL><LI> startup_at32f423.o(RESET)
</UL>
<P><STRONG><a name="[41]"></a>DMA2_Channel5_IRQHandler</STRONG> (Thumb, 0 bytes, Stack size 0 bytes, startup_at32f423.o(.text))
<BR>[Address Reference Count : 1]<UL><LI> startup_at32f423.o(RESET)
</UL>
<P><STRONG><a name="[47]"></a>DMA2_Channel6_IRQHandler</STRONG> (Thumb, 0 bytes, Stack size 0 bytes, startup_at32f423.o(.text))
<BR>[Address Reference Count : 1]<UL><LI> startup_at32f423.o(RESET)
</UL>
<P><STRONG><a name="[48]"></a>DMA2_Channel7_IRQHandler</STRONG> (Thumb, 0 bytes, Stack size 0 bytes, startup_at32f423.o(.text))
<BR>[Address Reference Count : 1]<UL><LI> startup_at32f423.o(RESET)
</UL>
<P><STRONG><a name="[4f]"></a>DMAMUX_IRQHandler</STRONG> (Thumb, 0 bytes, Stack size 0 bytes, startup_at32f423.o(.text))
<BR>[Address Reference Count : 1]<UL><LI> startup_at32f423.o(RESET)
</UL>
<P><STRONG><a name="[33]"></a>ERTCAlarm_IRQHandler</STRONG> (Thumb, 0 bytes, Stack size 0 bytes, startup_at32f423.o(.text))
<BR>[Address Reference Count : 1]<UL><LI> startup_at32f423.o(RESET)
</UL>
<P><STRONG><a name="[d]"></a>ERTC_WKUP_IRQHandler</STRONG> (Thumb, 0 bytes, Stack size 0 bytes, startup_at32f423.o(.text))
<BR>[Address Reference Count : 1]<UL><LI> startup_at32f423.o(RESET)
</UL>
<P><STRONG><a name="[10]"></a>EXINT0_IRQHandler</STRONG> (Thumb, 0 bytes, Stack size 0 bytes, startup_at32f423.o(.text))
<BR>[Address Reference Count : 1]<UL><LI> startup_at32f423.o(RESET)
</UL>
<P><STRONG><a name="[32]"></a>EXINT15_10_IRQHandler</STRONG> (Thumb, 0 bytes, Stack size 0 bytes, startup_at32f423.o(.text))
<BR>[Address Reference Count : 1]<UL><LI> startup_at32f423.o(RESET)
</UL>
<P><STRONG><a name="[11]"></a>EXINT1_IRQHandler</STRONG> (Thumb, 0 bytes, Stack size 0 bytes, startup_at32f423.o(.text))
<BR>[Address Reference Count : 1]<UL><LI> startup_at32f423.o(RESET)
</UL>
<P><STRONG><a name="[12]"></a>EXINT2_IRQHandler</STRONG> (Thumb, 0 bytes, Stack size 0 bytes, startup_at32f423.o(.text))
<BR>[Address Reference Count : 1]<UL><LI> startup_at32f423.o(RESET)
</UL>
<P><STRONG><a name="[13]"></a>EXINT3_IRQHandler</STRONG> (Thumb, 0 bytes, Stack size 0 bytes, startup_at32f423.o(.text))
<BR>[Address Reference Count : 1]<UL><LI> startup_at32f423.o(RESET)
</UL>
<P><STRONG><a name="[14]"></a>EXINT4_IRQHandler</STRONG> (Thumb, 0 bytes, Stack size 0 bytes, startup_at32f423.o(.text))
<BR>[Address Reference Count : 1]<UL><LI> startup_at32f423.o(RESET)
</UL>
<P><STRONG><a name="[21]"></a>EXINT9_5_IRQHandler</STRONG> (Thumb, 0 bytes, Stack size 0 bytes, startup_at32f423.o(.text))
<BR>[Address Reference Count : 1]<UL><LI> startup_at32f423.o(RESET)
</UL>
<P><STRONG><a name="[e]"></a>FLASH_IRQHandler</STRONG> (Thumb, 0 bytes, Stack size 0 bytes, startup_at32f423.o(.text))
<BR>[Address Reference Count : 1]<UL><LI> startup_at32f423.o(RESET)
</UL>
<P><STRONG><a name="[4c]"></a>FPU_IRQHandler</STRONG> (Thumb, 0 bytes, Stack size 0 bytes, startup_at32f423.o(.text))
<BR>[Address Reference Count : 1]<UL><LI> startup_at32f423.o(RESET)
</UL>
<P><STRONG><a name="[2a]"></a>I2C1_ERR_IRQHandler</STRONG> (Thumb, 0 bytes, Stack size 0 bytes, startup_at32f423.o(.text))
<BR>[Address Reference Count : 1]<UL><LI> startup_at32f423.o(RESET)
</UL>
<P><STRONG><a name="[29]"></a>I2C1_EVT_IRQHandler</STRONG> (Thumb, 0 bytes, Stack size 0 bytes, startup_at32f423.o(.text))
<BR>[Address Reference Count : 1]<UL><LI> startup_at32f423.o(RESET)
</UL>
<P><STRONG><a name="[2c]"></a>I2C2_ERR_IRQHandler</STRONG> (Thumb, 0 bytes, Stack size 0 bytes, startup_at32f423.o(.text))
<BR>[Address Reference Count : 1]<UL><LI> startup_at32f423.o(RESET)
</UL>
<P><STRONG><a name="[2b]"></a>I2C2_EVT_IRQHandler</STRONG> (Thumb, 0 bytes, Stack size 0 bytes, startup_at32f423.o(.text))
<BR>[Address Reference Count : 1]<UL><LI> startup_at32f423.o(RESET)
</UL>
<P><STRONG><a name="[4b]"></a>I2C3_ERR_IRQHandler</STRONG> (Thumb, 0 bytes, Stack size 0 bytes, startup_at32f423.o(.text))
<BR>[Address Reference Count : 1]<UL><LI> startup_at32f423.o(RESET)
</UL>
<P><STRONG><a name="[4a]"></a>I2C3_EVT_IRQHandler</STRONG> (Thumb, 0 bytes, Stack size 0 bytes, startup_at32f423.o(.text))
<BR>[Address Reference Count : 1]<UL><LI> startup_at32f423.o(RESET)
</UL>
<P><STRONG><a name="[46]"></a>OTGFS1_IRQHandler</STRONG> (Thumb, 0 bytes, Stack size 0 bytes, startup_at32f423.o(.text))
<BR>[Address Reference Count : 1]<UL><LI> startup_at32f423.o(RESET)
</UL>
<P><STRONG><a name="[34]"></a>OTGFS1_WKUP_IRQHandler</STRONG> (Thumb, 0 bytes, Stack size 0 bytes, startup_at32f423.o(.text))
<BR>[Address Reference Count : 1]<UL><LI> startup_at32f423.o(RESET)
</UL>
<P><STRONG><a name="[b]"></a>PVM_IRQHandler</STRONG> (Thumb, 0 bytes, Stack size 0 bytes, startup_at32f423.o(.text))
<BR>[Address Reference Count : 1]<UL><LI> startup_at32f423.o(RESET)
</UL>
<P><STRONG><a name="[2d]"></a>SPI1_IRQHandler</STRONG> (Thumb, 0 bytes, Stack size 0 bytes, startup_at32f423.o(.text))
<BR>[Address Reference Count : 1]<UL><LI> startup_at32f423.o(RESET)
</UL>
<P><STRONG><a name="[2e]"></a>SPI2_IRQHandler</STRONG> (Thumb, 0 bytes, Stack size 0 bytes, startup_at32f423.o(.text))
<BR>[Address Reference Count : 1]<UL><LI> startup_at32f423.o(RESET)
</UL>
<P><STRONG><a name="[38]"></a>SPI3_IRQHandler</STRONG> (Thumb, 0 bytes, Stack size 0 bytes, startup_at32f423.o(.text))
<BR>[Address Reference Count : 1]<UL><LI> startup_at32f423.o(RESET)
</UL>
<P><STRONG><a name="[c]"></a>TAMP_STAMP_IRQHandler</STRONG> (Thumb, 0 bytes, Stack size 0 bytes, startup_at32f423.o(.text))
<BR>[Address Reference Count : 1]<UL><LI> startup_at32f423.o(RESET)
</UL>
<P><STRONG><a name="[35]"></a>TMR12_GLOBAL_IRQHandler</STRONG> (Thumb, 0 bytes, Stack size 0 bytes, startup_at32f423.o(.text))
<BR>[Address Reference Count : 1]<UL><LI> startup_at32f423.o(RESET)
</UL>
<P><STRONG><a name="[36]"></a>TMR13_GLOBAL_IRQHandler</STRONG> (Thumb, 0 bytes, Stack size 0 bytes, startup_at32f423.o(.text))
<BR>[Address Reference Count : 1]<UL><LI> startup_at32f423.o(RESET)
</UL>
<P><STRONG><a name="[37]"></a>TMR14_GLOBAL_IRQHandler</STRONG> (Thumb, 0 bytes, Stack size 0 bytes, startup_at32f423.o(.text))
<BR>[Address Reference Count : 1]<UL><LI> startup_at32f423.o(RESET)
</UL>
<P><STRONG><a name="[22]"></a>TMR1_BRK_TMR9_IRQHandler</STRONG> (Thumb, 0 bytes, Stack size 0 bytes, startup_at32f423.o(.text))
<BR>[Address Reference Count : 1]<UL><LI> startup_at32f423.o(RESET)
</UL>
<P><STRONG><a name="[25]"></a>TMR1_CH_IRQHandler</STRONG> (Thumb, 0 bytes, Stack size 0 bytes, startup_at32f423.o(.text))
<BR>[Address Reference Count : 1]<UL><LI> startup_at32f423.o(RESET)
</UL>
<P><STRONG><a name="[23]"></a>TMR1_OVF_TMR10_IRQHandler</STRONG> (Thumb, 0 bytes, Stack size 0 bytes, startup_at32f423.o(.text))
<BR>[Address Reference Count : 1]<UL><LI> startup_at32f423.o(RESET)
</UL>
<P><STRONG><a name="[24]"></a>TMR1_TRG_HALL_TMR11_IRQHandler</STRONG> (Thumb, 0 bytes, Stack size 0 bytes, startup_at32f423.o(.text))
<BR>[Address Reference Count : 1]<UL><LI> startup_at32f423.o(RESET)
</UL>
<P><STRONG><a name="[26]"></a>TMR2_GLOBAL_IRQHandler</STRONG> (Thumb, 0 bytes, Stack size 0 bytes, startup_at32f423.o(.text))
<BR>[Address Reference Count : 1]<UL><LI> startup_at32f423.o(RESET)
</UL>
<P><STRONG><a name="[28]"></a>TMR4_GLOBAL_IRQHandler</STRONG> (Thumb, 0 bytes, Stack size 0 bytes, startup_at32f423.o(.text))
<BR>[Address Reference Count : 1]<UL><LI> startup_at32f423.o(RESET)
</UL>
<P><STRONG><a name="[3b]"></a>TMR6_DAC_GLOBAL_IRQHandler</STRONG> (Thumb, 0 bytes, Stack size 0 bytes, startup_at32f423.o(.text))
<BR>[Address Reference Count : 1]<UL><LI> startup_at32f423.o(RESET)
</UL>
<P><STRONG><a name="[3c]"></a>TMR7_GLOBAL_IRQHandler</STRONG> (Thumb, 0 bytes, Stack size 0 bytes, startup_at32f423.o(.text))
<BR>[Address Reference Count : 1]<UL><LI> startup_at32f423.o(RESET)
</UL>
<P><STRONG><a name="[30]"></a>USART2_IRQHandler</STRONG> (Thumb, 0 bytes, Stack size 0 bytes, startup_at32f423.o(.text))
<BR>[Address Reference Count : 1]<UL><LI> startup_at32f423.o(RESET)
</UL>
<P><STRONG><a name="[31]"></a>USART3_IRQHandler</STRONG> (Thumb, 0 bytes, Stack size 0 bytes, startup_at32f423.o(.text))
<BR>[Address Reference Count : 1]<UL><LI> startup_at32f423.o(RESET)
</UL>
<P><STRONG><a name="[39]"></a>USART4_IRQHandler</STRONG> (Thumb, 0 bytes, Stack size 0 bytes, startup_at32f423.o(.text))
<BR>[Address Reference Count : 1]<UL><LI> startup_at32f423.o(RESET)
</UL>
<P><STRONG><a name="[3a]"></a>USART5_IRQHandler</STRONG> (Thumb, 0 bytes, Stack size 0 bytes, startup_at32f423.o(.text))
<BR>[Address Reference Count : 1]<UL><LI> startup_at32f423.o(RESET)
</UL>
<P><STRONG><a name="[49]"></a>USART6_IRQHandler</STRONG> (Thumb, 0 bytes, Stack size 0 bytes, startup_at32f423.o(.text))
<BR>[Address Reference Count : 1]<UL><LI> startup_at32f423.o(RESET)
</UL>
<P><STRONG><a name="[4d]"></a>USART7_IRQHandler</STRONG> (Thumb, 0 bytes, Stack size 0 bytes, startup_at32f423.o(.text))
<BR>[Address Reference Count : 1]<UL><LI> startup_at32f423.o(RESET)
</UL>
<P><STRONG><a name="[4e]"></a>USART8_IRQHandler</STRONG> (Thumb, 0 bytes, Stack size 0 bytes, startup_at32f423.o(.text))
<BR>[Address Reference Count : 1]<UL><LI> startup_at32f423.o(RESET)
</UL>
<P><STRONG><a name="[a]"></a>WWDT_IRQHandler</STRONG> (Thumb, 0 bytes, Stack size 0 bytes, startup_at32f423.o(.text))
<BR>[Address Reference Count : 1]<UL><LI> startup_at32f423.o(RESET)
</UL>
<P><STRONG><a name="[74]"></a>__aeabi_uldivmod</STRONG> (Thumb, 98 bytes, Stack size 40 bytes, uldiv.o(.text))
<BR><BR>[Stack]<UL><LI>Max Depth = 40<LI>Call Chain = __aeabi_uldivmod
</UL>
<BR>[Calls]<UL><LI><a href="#[75]">&gt;&gt;</a>&nbsp;&nbsp;&nbsp;__aeabi_llsr
<LI><a href="#[76]">&gt;&gt;</a>&nbsp;&nbsp;&nbsp;__aeabi_llsl
</UL>
<BR>[Called By]<UL><LI><a href="#[91]">&gt;&gt;</a>&nbsp;&nbsp;&nbsp;crm_clocks_freq_get
<LI><a href="#[84]">&gt;&gt;</a>&nbsp;&nbsp;&nbsp;_printf_core
</UL>

<P><STRONG><a name="[c6]"></a>__aeabi_memcpy</STRONG> (Thumb, 36 bytes, Stack size 0 bytes, memcpya.o(.text))
<BR><BR>[Called By]<UL><LI><a href="#[66]">&gt;&gt;</a>&nbsp;&nbsp;&nbsp;port_uart_send
</UL>

<P><STRONG><a name="[c7]"></a>__aeabi_memcpy4</STRONG> (Thumb, 0 bytes, Stack size 0 bytes, memcpya.o(.text))
<BR><BR>[Called By]<UL><LI><a href="#[93]">&gt;&gt;</a>&nbsp;&nbsp;&nbsp;system_init
</UL>

<P><STRONG><a name="[d3]"></a>__aeabi_memcpy8</STRONG> (Thumb, 0 bytes, Stack size 0 bytes, memcpya.o(.text), UNUSED)

<P><STRONG><a name="[78]"></a>__aeabi_memset</STRONG> (Thumb, 14 bytes, Stack size 0 bytes, memseta.o(.text))
<BR><BR>[Called By]<UL><LI><a href="#[79]">&gt;&gt;</a>&nbsp;&nbsp;&nbsp;_memset$wrapper
<LI><a href="#[77]">&gt;&gt;</a>&nbsp;&nbsp;&nbsp;__aeabi_memclr
</UL>

<P><STRONG><a name="[d4]"></a>__aeabi_memset4</STRONG> (Thumb, 0 bytes, Stack size 0 bytes, memseta.o(.text), UNUSED)

<P><STRONG><a name="[d5]"></a>__aeabi_memset8</STRONG> (Thumb, 0 bytes, Stack size 0 bytes, memseta.o(.text), UNUSED)

<P><STRONG><a name="[77]"></a>__aeabi_memclr</STRONG> (Thumb, 4 bytes, Stack size 0 bytes, memseta.o(.text))
<BR><BR>[Calls]<UL><LI><a href="#[78]">&gt;&gt;</a>&nbsp;&nbsp;&nbsp;__aeabi_memset
</UL>
<BR>[Called By]<UL><LI><a href="#[96]">&gt;&gt;</a>&nbsp;&nbsp;&nbsp;modbus_data_init
</UL>

<P><STRONG><a name="[97]"></a>__aeabi_memclr4</STRONG> (Thumb, 0 bytes, Stack size 0 bytes, memseta.o(.text))
<BR><BR>[Called By]<UL><LI><a href="#[ac]">&gt;&gt;</a>&nbsp;&nbsp;&nbsp;modbus_slave_init
<LI><a href="#[96]">&gt;&gt;</a>&nbsp;&nbsp;&nbsp;modbus_data_init
</UL>

<P><STRONG><a name="[d6]"></a>__aeabi_memclr8</STRONG> (Thumb, 0 bytes, Stack size 0 bytes, memseta.o(.text), UNUSED)

<P><STRONG><a name="[79]"></a>_memset$wrapper</STRONG> (Thumb, 18 bytes, Stack size 8 bytes, memseta.o(.text), UNUSED)
<BR><BR>[Calls]<UL><LI><a href="#[78]">&gt;&gt;</a>&nbsp;&nbsp;&nbsp;__aeabi_memset
</UL>

<P><STRONG><a name="[76]"></a>__aeabi_llsl</STRONG> (Thumb, 30 bytes, Stack size 0 bytes, llshl.o(.text))
<BR><BR>[Called By]<UL><LI><a href="#[74]">&gt;&gt;</a>&nbsp;&nbsp;&nbsp;__aeabi_uldivmod
</UL>

<P><STRONG><a name="[d7]"></a>_ll_shift_l</STRONG> (Thumb, 0 bytes, Stack size 0 bytes, llshl.o(.text), UNUSED)

<P><STRONG><a name="[75]"></a>__aeabi_llsr</STRONG> (Thumb, 32 bytes, Stack size 0 bytes, llushr.o(.text))
<BR><BR>[Called By]<UL><LI><a href="#[74]">&gt;&gt;</a>&nbsp;&nbsp;&nbsp;__aeabi_uldivmod
</UL>

<P><STRONG><a name="[d8]"></a>_ll_ushift_r</STRONG> (Thumb, 0 bytes, Stack size 0 bytes, llushr.o(.text), UNUSED)

<P><STRONG><a name="[73]"></a>__scatterload</STRONG> (Thumb, 28 bytes, Stack size 0 bytes, init.o(.text))
<BR><BR>[Calls]<UL><LI><a href="#[7a]">&gt;&gt;</a>&nbsp;&nbsp;&nbsp;__main_after_scatterload
</UL>
<BR>[Called By]<UL><LI><a href="#[72]">&gt;&gt;</a>&nbsp;&nbsp;&nbsp;_main_scatterload
</UL>

<P><STRONG><a name="[d9]"></a>__scatterload_rt2</STRONG> (Thumb, 0 bytes, Stack size 0 bytes, init.o(.text), UNUSED)

<P><STRONG><a name="[52]"></a>SystemInit</STRONG> (Thumb, 162 bytes, Stack size 8 bytes, system_at32f423.o(i.SystemInit))
<BR><BR>[Stack]<UL><LI>Max Depth = 8<LI>Call Chain = SystemInit
</UL>
<BR>[Calls]<UL><LI><a href="#[7b]">&gt;&gt;</a>&nbsp;&nbsp;&nbsp;crm_auto_step_mode_enable
</UL>
<BR>[Address Reference Count : 1]<UL><LI> startup_at32f423.o(.text)
</UL>
<P><STRONG><a name="[da]"></a>__I$use$semihosting$fputc</STRONG> (Thumb, 0 bytes, Stack size 8 bytes, iusesemip.o(.text), UNUSED)

<P><STRONG><a name="[db]"></a>__semihosting_library_function</STRONG> (Thumb, 0 bytes, Stack size 8 bytes, semi.o(.text), UNUSED)

<P><STRONG><a name="[27]"></a>TMR3_GLOBAL_IRQHandler</STRONG> (Thumb, 42 bytes, Stack size 8 bytes, port_timer_at32.o(i.TMR3_GLOBAL_IRQHandler))
<BR><BR>[Stack]<UL><LI>Max Depth = 8<LI>Call Chain = TMR3_GLOBAL_IRQHandler
</UL>
<BR>[Calls]<UL><LI><a href="#[7c]">&gt;&gt;</a>&nbsp;&nbsp;&nbsp;tmr_flag_get
<LI><a href="#[7d]">&gt;&gt;</a>&nbsp;&nbsp;&nbsp;tmr_flag_clear
<LI><a href="#[7e]">&gt;&gt;</a>&nbsp;&nbsp;&nbsp;tmr_counter_enable
</UL>
<BR>[Address Reference Count : 1]<UL><LI> startup_at32f423.o(RESET)
</UL>
<P><STRONG><a name="[2f]"></a>USART1_IRQHandler</STRONG> (Thumb, 132 bytes, Stack size 8 bytes, port_uart_at32.o(i.USART1_IRQHandler))
<BR><BR>[Stack]<UL><LI>Max Depth = 20<LI>Call Chain = USART1_IRQHandler &rArr; usart_interrupt_enable
</UL>
<BR>[Calls]<UL><LI><a href="#[81]">&gt;&gt;</a>&nbsp;&nbsp;&nbsp;usart_interrupt_enable
<LI><a href="#[7f]">&gt;&gt;</a>&nbsp;&nbsp;&nbsp;usart_flag_get
<LI><a href="#[82]">&gt;&gt;</a>&nbsp;&nbsp;&nbsp;usart_data_transmit
<LI><a href="#[80]">&gt;&gt;</a>&nbsp;&nbsp;&nbsp;usart_data_receive
</UL>
<BR>[Address Reference Count : 1]<UL><LI> startup_at32f423.o(RESET)
</UL>
<P><STRONG><a name="[83]"></a>__0printf$8</STRONG> (Thumb, 22 bytes, Stack size 24 bytes, printf8.o(i.__0printf$8), UNUSED)
<BR><BR>[Calls]<UL><LI><a href="#[84]">&gt;&gt;</a>&nbsp;&nbsp;&nbsp;_printf_core
</UL>

<P><STRONG><a name="[dc]"></a>__1printf$8</STRONG> (Thumb, 0 bytes, Stack size 24 bytes, printf8.o(i.__0printf$8), UNUSED)

<P><STRONG><a name="[b0]"></a>__2printf</STRONG> (Thumb, 0 bytes, Stack size 24 bytes, printf8.o(i.__0printf$8))
<BR><BR>[Stack]<UL><LI>Max Depth = 24<LI>Call Chain = __2printf
</UL>
<BR>[Called By]<UL><LI><a href="#[93]">&gt;&gt;</a>&nbsp;&nbsp;&nbsp;system_init
<LI><a href="#[5b]">&gt;&gt;</a>&nbsp;&nbsp;&nbsp;on_holding_reg_written
<LI><a href="#[58]">&gt;&gt;</a>&nbsp;&nbsp;&nbsp;on_error
<LI><a href="#[59]">&gt;&gt;</a>&nbsp;&nbsp;&nbsp;on_coil_written
</UL>

<P><STRONG><a name="[dd]"></a>__scatterload_copy</STRONG> (Thumb, 14 bytes, Stack size unknown bytes, handlers.o(i.__scatterload_copy), UNUSED)

<P><STRONG><a name="[de]"></a>__scatterload_null</STRONG> (Thumb, 2 bytes, Stack size unknown bytes, handlers.o(i.__scatterload_null), UNUSED)

<P><STRONG><a name="[df]"></a>__scatterload_zeroinit</STRONG> (Thumb, 14 bytes, Stack size unknown bytes, handlers.o(i.__scatterload_zeroinit), UNUSED)

<P><STRONG><a name="[7b]"></a>crm_auto_step_mode_enable</STRONG> (Thumb, 34 bytes, Stack size 0 bytes, at32f423_crm.o(i.crm_auto_step_mode_enable))
<BR><BR>[Called By]<UL><LI><a href="#[52]">&gt;&gt;</a>&nbsp;&nbsp;&nbsp;SystemInit
</UL>

<P><STRONG><a name="[91]"></a>crm_clocks_freq_get</STRONG> (Thumb, 314 bytes, Stack size 64 bytes, at32f423_crm.o(i.crm_clocks_freq_get))
<BR><BR>[Stack]<UL><LI>Max Depth = 104<LI>Call Chain = crm_clocks_freq_get &rArr; __aeabi_uldivmod
</UL>
<BR>[Calls]<UL><LI><a href="#[92]">&gt;&gt;</a>&nbsp;&nbsp;&nbsp;crm_sysclk_switch_status_get
<LI><a href="#[74]">&gt;&gt;</a>&nbsp;&nbsp;&nbsp;__aeabi_uldivmod
</UL>
<BR>[Called By]<UL><LI><a href="#[c2]">&gt;&gt;</a>&nbsp;&nbsp;&nbsp;usart_init
</UL>

<P><STRONG><a name="[b6]"></a>crm_periph_clock_enable</STRONG> (Thumb, 70 bytes, Stack size 8 bytes, at32f423_crm.o(i.crm_periph_clock_enable))
<BR><BR>[Stack]<UL><LI>Max Depth = 8<LI>Call Chain = crm_periph_clock_enable
</UL>
<BR>[Called By]<UL><LI><a href="#[64]">&gt;&gt;</a>&nbsp;&nbsp;&nbsp;port_uart_init
<LI><a href="#[69]">&gt;&gt;</a>&nbsp;&nbsp;&nbsp;port_timer_init
</UL>

<P><STRONG><a name="[cb]"></a>crm_periph_reset</STRONG> (Thumb, 70 bytes, Stack size 8 bytes, at32f423_crm.o(i.crm_periph_reset))
<BR><BR>[Stack]<UL><LI>Max Depth = 8<LI>Call Chain = crm_periph_reset
</UL>
<BR>[Called By]<UL><LI><a href="#[bf]">&gt;&gt;</a>&nbsp;&nbsp;&nbsp;usart_reset
<LI><a href="#[b3]">&gt;&gt;</a>&nbsp;&nbsp;&nbsp;tmr_reset
</UL>

<P><STRONG><a name="[92]"></a>crm_sysclk_switch_status_get</STRONG> (Thumb, 10 bytes, Stack size 0 bytes, at32f423_crm.o(i.crm_sysclk_switch_status_get))
<BR><BR>[Called By]<UL><LI><a href="#[91]">&gt;&gt;</a>&nbsp;&nbsp;&nbsp;crm_clocks_freq_get
</UL>

<P><STRONG><a name="[cc]"></a>crm_usart_clock_get</STRONG> (Thumb, 50 bytes, Stack size 0 bytes, at32f423_crm.o(i.crm_usart_clock_get))
<BR><BR>[Called By]<UL><LI><a href="#[c2]">&gt;&gt;</a>&nbsp;&nbsp;&nbsp;usart_init
</UL>

<P><STRONG><a name="[54]"></a>fputc</STRONG> (Thumb, 18 bytes, Stack size 16 bytes, fputc.o(i.fputc))
<BR><BR>[Stack]<UL><LI>Max Depth = 16<LI>Call Chain = fputc
</UL>
<BR>[Address Reference Count : 1]<UL><LI> printf8.o(i.__0printf$8)
</UL>
<P><STRONG><a name="[c1]"></a>gpio_init</STRONG> (Thumb, 122 bytes, Stack size 16 bytes, at32f423_gpio.o(i.gpio_init))
<BR><BR>[Stack]<UL><LI>Max Depth = 16<LI>Call Chain = gpio_init
</UL>
<BR>[Called By]<UL><LI><a href="#[64]">&gt;&gt;</a>&nbsp;&nbsp;&nbsp;port_uart_init
</UL>

<P><STRONG><a name="[ca]"></a>hal_timer_init</STRONG> (Thumb, 36 bytes, Stack size 8 bytes, hal_timer.o(i.hal_timer_init))
<BR><BR>[Stack]<UL><LI>Max Depth = 8<LI>Call Chain = hal_timer_init
</UL>
<BR>[Called By]<UL><LI><a href="#[93]">&gt;&gt;</a>&nbsp;&nbsp;&nbsp;system_init
</UL>

<P><STRONG><a name="[b2]"></a>hal_timer_register</STRONG> (Thumb, 18 bytes, Stack size 0 bytes, hal_timer.o(i.hal_timer_register))
<BR><BR>[Called By]<UL><LI><a href="#[b1]">&gt;&gt;</a>&nbsp;&nbsp;&nbsp;port_timer_at32_register
</UL>

<P><STRONG><a name="[8e]"></a>hal_timer_reset</STRONG> (Thumb, 26 bytes, Stack size 8 bytes, hal_timer.o(i.hal_timer_reset))
<BR><BR>[Stack]<UL><LI>Max Depth = 8<LI>Call Chain = hal_timer_reset
</UL>
<BR>[Called By]<UL><LI><a href="#[5d]">&gt;&gt;</a>&nbsp;&nbsp;&nbsp;action_start_rx
<LI><a href="#[5f]">&gt;&gt;</a>&nbsp;&nbsp;&nbsp;action_rx_byte
</UL>

<P><STRONG><a name="[af]"></a>hal_timer_set_callback</STRONG> (Thumb, 30 bytes, Stack size 8 bytes, hal_timer.o(i.hal_timer_set_callback))
<BR><BR>[Stack]<UL><LI>Max Depth = 8<LI>Call Chain = hal_timer_set_callback
</UL>
<BR>[Called By]<UL><LI><a href="#[ac]">&gt;&gt;</a>&nbsp;&nbsp;&nbsp;modbus_slave_init
</UL>

<P><STRONG><a name="[8f]"></a>hal_timer_start</STRONG> (Thumb, 26 bytes, Stack size 8 bytes, hal_timer.o(i.hal_timer_start))
<BR><BR>[Stack]<UL><LI>Max Depth = 8<LI>Call Chain = hal_timer_start
</UL>
<BR>[Called By]<UL><LI><a href="#[5d]">&gt;&gt;</a>&nbsp;&nbsp;&nbsp;action_start_rx
</UL>

<P><STRONG><a name="[87]"></a>hal_timer_stop</STRONG> (Thumb, 26 bytes, Stack size 8 bytes, hal_timer.o(i.hal_timer_stop))
<BR><BR>[Stack]<UL><LI>Max Depth = 8<LI>Call Chain = hal_timer_stop
</UL>
<BR>[Called By]<UL><LI><a href="#[5e]">&gt;&gt;</a>&nbsp;&nbsp;&nbsp;action_reset
<LI><a href="#[60]">&gt;&gt;</a>&nbsp;&nbsp;&nbsp;action_process_frame
</UL>

<P><STRONG><a name="[c9]"></a>hal_uart_init</STRONG> (Thumb, 40 bytes, Stack size 16 bytes, hal_uart.o(i.hal_uart_init))
<BR><BR>[Stack]<UL><LI>Max Depth = 16<LI>Call Chain = hal_uart_init
</UL>
<BR>[Called By]<UL><LI><a href="#[93]">&gt;&gt;</a>&nbsp;&nbsp;&nbsp;system_init
</UL>

<P><STRONG><a name="[be]"></a>hal_uart_register</STRONG> (Thumb, 18 bytes, Stack size 0 bytes, hal_uart.o(i.hal_uart_register))
<BR><BR>[Called By]<UL><LI><a href="#[bd]">&gt;&gt;</a>&nbsp;&nbsp;&nbsp;port_uart_at32_register
</UL>

<P><STRONG><a name="[90]"></a>hal_uart_send</STRONG> (Thumb, 40 bytes, Stack size 16 bytes, hal_uart.o(i.hal_uart_send))
<BR><BR>[Stack]<UL><LI>Max Depth = 16<LI>Call Chain = hal_uart_send
</UL>
<BR>[Called By]<UL><LI><a href="#[62]">&gt;&gt;</a>&nbsp;&nbsp;&nbsp;action_start_tx
</UL>

<P><STRONG><a name="[ad]"></a>hal_uart_set_rx_callback</STRONG> (Thumb, 30 bytes, Stack size 8 bytes, hal_uart.o(i.hal_uart_set_rx_callback))
<BR><BR>[Stack]<UL><LI>Max Depth = 8<LI>Call Chain = hal_uart_set_rx_callback
</UL>
<BR>[Called By]<UL><LI><a href="#[ac]">&gt;&gt;</a>&nbsp;&nbsp;&nbsp;modbus_slave_init
</UL>

<P><STRONG><a name="[ae]"></a>hal_uart_set_tx_complete_callback</STRONG> (Thumb, 30 bytes, Stack size 8 bytes, hal_uart.o(i.hal_uart_set_tx_complete_callback))
<BR><BR>[Stack]<UL><LI>Max Depth = 8<LI>Call Chain = hal_uart_set_tx_complete_callback
</UL>
<BR>[Called By]<UL><LI><a href="#[ac]">&gt;&gt;</a>&nbsp;&nbsp;&nbsp;modbus_slave_init
</UL>

<P><STRONG><a name="[51]"></a>main</STRONG> (Thumb, 12 bytes, Stack size 0 bytes, main.o(i.main))
<BR><BR>[Stack]<UL><LI>Max Depth = 88<LI>Call Chain = main &rArr; system_init &rArr; __2printf
</UL>
<BR>[Calls]<UL><LI><a href="#[94]">&gt;&gt;</a>&nbsp;&nbsp;&nbsp;modbus_slave_poll
<LI><a href="#[93]">&gt;&gt;</a>&nbsp;&nbsp;&nbsp;system_init
</UL>
<BR>[Address Reference Count : 1]<UL><LI> entry9a.o(.ARM.Collect$$$$0000000B)
</UL>
<P><STRONG><a name="[95]"></a>modbus_crc16</STRONG> (Thumb, 42 bytes, Stack size 12 bytes, modbus_crc.o(i.modbus_crc16))
<BR><BR>[Stack]<UL><LI>Max Depth = 12<LI>Call Chain = modbus_crc16
</UL>
<BR>[Called By]<UL><LI><a href="#[88]">&gt;&gt;</a>&nbsp;&nbsp;&nbsp;modbus_crc_verify
<LI><a href="#[8c]">&gt;&gt;</a>&nbsp;&nbsp;&nbsp;modbus_crc_append
</UL>

<P><STRONG><a name="[8c]"></a>modbus_crc_append</STRONG> (Thumb, 26 bytes, Stack size 16 bytes, modbus_crc.o(i.modbus_crc_append))
<BR><BR>[Stack]<UL><LI>Max Depth = 28<LI>Call Chain = modbus_crc_append &rArr; modbus_crc16
</UL>
<BR>[Calls]<UL><LI><a href="#[95]">&gt;&gt;</a>&nbsp;&nbsp;&nbsp;modbus_crc16
</UL>
<BR>[Called By]<UL><LI><a href="#[60]">&gt;&gt;</a>&nbsp;&nbsp;&nbsp;action_process_frame
<LI><a href="#[8d]">&gt;&gt;</a>&nbsp;&nbsp;&nbsp;modbus_rtu_build_exception
</UL>

<P><STRONG><a name="[88]"></a>modbus_crc_verify</STRONG> (Thumb, 54 bytes, Stack size 20 bytes, modbus_crc.o(i.modbus_crc_verify))
<BR><BR>[Stack]<UL><LI>Max Depth = 32<LI>Call Chain = modbus_crc_verify &rArr; modbus_crc16
</UL>
<BR>[Calls]<UL><LI><a href="#[95]">&gt;&gt;</a>&nbsp;&nbsp;&nbsp;modbus_crc16
</UL>
<BR>[Called By]<UL><LI><a href="#[60]">&gt;&gt;</a>&nbsp;&nbsp;&nbsp;action_process_frame
<LI><a href="#[8a]">&gt;&gt;</a>&nbsp;&nbsp;&nbsp;modbus_rtu_parse
</UL>

<P><STRONG><a name="[a4]"></a>modbus_data_check_coil_range</STRONG> (Thumb, 38 bytes, Stack size 0 bytes, modbus_data.o(i.modbus_data_check_coil_range))
<BR><BR>[Called By]<UL><LI><a href="#[a0]">&gt;&gt;</a>&nbsp;&nbsp;&nbsp;modbus_pdu_write_single_coil
<LI><a href="#[a2]">&gt;&gt;</a>&nbsp;&nbsp;&nbsp;modbus_pdu_write_multiple_coils
<LI><a href="#[9c]">&gt;&gt;</a>&nbsp;&nbsp;&nbsp;modbus_pdu_read_coils
</UL>

<P><STRONG><a name="[a5]"></a>modbus_data_check_discrete_input_range</STRONG> (Thumb, 38 bytes, Stack size 0 bytes, modbus_data.o(i.modbus_data_check_discrete_input_range))
<BR><BR>[Called By]<UL><LI><a href="#[9d]">&gt;&gt;</a>&nbsp;&nbsp;&nbsp;modbus_pdu_read_discrete_inputs
</UL>

<P><STRONG><a name="[a6]"></a>modbus_data_check_holding_register_range</STRONG> (Thumb, 38 bytes, Stack size 0 bytes, modbus_data.o(i.modbus_data_check_holding_register_range))
<BR><BR>[Called By]<UL><LI><a href="#[a1]">&gt;&gt;</a>&nbsp;&nbsp;&nbsp;modbus_pdu_write_single_register
<LI><a href="#[a3]">&gt;&gt;</a>&nbsp;&nbsp;&nbsp;modbus_pdu_write_multiple_registers
<LI><a href="#[9e]">&gt;&gt;</a>&nbsp;&nbsp;&nbsp;modbus_pdu_read_holding_registers
</UL>

<P><STRONG><a name="[a8]"></a>modbus_data_check_input_register_range</STRONG> (Thumb, 38 bytes, Stack size 0 bytes, modbus_data.o(i.modbus_data_check_input_register_range))
<BR><BR>[Called By]<UL><LI><a href="#[9f]">&gt;&gt;</a>&nbsp;&nbsp;&nbsp;modbus_pdu_read_input_registers
</UL>

<P><STRONG><a name="[96]"></a>modbus_data_init</STRONG> (Thumb, 212 bytes, Stack size 8 bytes, modbus_data.o(i.modbus_data_init))
<BR><BR>[Stack]<UL><LI>Max Depth = 8<LI>Call Chain = modbus_data_init
</UL>
<BR>[Calls]<UL><LI><a href="#[97]">&gt;&gt;</a>&nbsp;&nbsp;&nbsp;__aeabi_memclr4
<LI><a href="#[77]">&gt;&gt;</a>&nbsp;&nbsp;&nbsp;__aeabi_memclr
</UL>
<BR>[Called By]<UL><LI><a href="#[93]">&gt;&gt;</a>&nbsp;&nbsp;&nbsp;system_init
</UL>

<P><STRONG><a name="[99]"></a>modbus_data_read_coil</STRONG> (Thumb, 72 bytes, Stack size 16 bytes, modbus_data.o(i.modbus_data_read_coil))
<BR><BR>[Stack]<UL><LI>Max Depth = 16<LI>Call Chain = modbus_data_read_coil
</UL>
<BR>[Called By]<UL><LI><a href="#[98]">&gt;&gt;</a>&nbsp;&nbsp;&nbsp;modbus_data_read_coils_byte
</UL>

<P><STRONG><a name="[98]"></a>modbus_data_read_coils_byte</STRONG> (Thumb, 58 bytes, Stack size 24 bytes, modbus_data.o(i.modbus_data_read_coils_byte))
<BR><BR>[Stack]<UL><LI>Max Depth = 40<LI>Call Chain = modbus_data_read_coils_byte &rArr; modbus_data_read_coil
</UL>
<BR>[Calls]<UL><LI><a href="#[99]">&gt;&gt;</a>&nbsp;&nbsp;&nbsp;modbus_data_read_coil
</UL>
<BR>[Called By]<UL><LI><a href="#[9c]">&gt;&gt;</a>&nbsp;&nbsp;&nbsp;modbus_pdu_read_coils
</UL>

<P><STRONG><a name="[9b]"></a>modbus_data_read_discrete_input</STRONG> (Thumb, 72 bytes, Stack size 16 bytes, modbus_data.o(i.modbus_data_read_discrete_input))
<BR><BR>[Stack]<UL><LI>Max Depth = 16<LI>Call Chain = modbus_data_read_discrete_input
</UL>
<BR>[Called By]<UL><LI><a href="#[9a]">&gt;&gt;</a>&nbsp;&nbsp;&nbsp;modbus_data_read_discrete_inputs_byte
</UL>

<P><STRONG><a name="[9a]"></a>modbus_data_read_discrete_inputs_byte</STRONG> (Thumb, 58 bytes, Stack size 24 bytes, modbus_data.o(i.modbus_data_read_discrete_inputs_byte))
<BR><BR>[Stack]<UL><LI>Max Depth = 40<LI>Call Chain = modbus_data_read_discrete_inputs_byte &rArr; modbus_data_read_discrete_input
</UL>
<BR>[Calls]<UL><LI><a href="#[9b]">&gt;&gt;</a>&nbsp;&nbsp;&nbsp;modbus_data_read_discrete_input
</UL>
<BR>[Called By]<UL><LI><a href="#[9d]">&gt;&gt;</a>&nbsp;&nbsp;&nbsp;modbus_pdu_read_discrete_inputs
</UL>

<P><STRONG><a name="[a7]"></a>modbus_data_read_holding_register</STRONG> (Thumb, 42 bytes, Stack size 8 bytes, modbus_data.o(i.modbus_data_read_holding_register))
<BR><BR>[Stack]<UL><LI>Max Depth = 8<LI>Call Chain = modbus_data_read_holding_register
</UL>
<BR>[Called By]<UL><LI><a href="#[9e]">&gt;&gt;</a>&nbsp;&nbsp;&nbsp;modbus_pdu_read_holding_registers
</UL>

<P><STRONG><a name="[a9]"></a>modbus_data_read_input_register</STRONG> (Thumb, 42 bytes, Stack size 8 bytes, modbus_data.o(i.modbus_data_read_input_register))
<BR><BR>[Stack]<UL><LI>Max Depth = 8<LI>Call Chain = modbus_data_read_input_register
</UL>
<BR>[Called By]<UL><LI><a href="#[9f]">&gt;&gt;</a>&nbsp;&nbsp;&nbsp;modbus_pdu_read_input_registers
</UL>

<P><STRONG><a name="[aa]"></a>modbus_data_write_coil</STRONG> (Thumb, 106 bytes, Stack size 24 bytes, modbus_data.o(i.modbus_data_write_coil))
<BR><BR>[Stack]<UL><LI>Max Depth = 24<LI>Call Chain = modbus_data_write_coil
</UL>
<BR>[Called By]<UL><LI><a href="#[a0]">&gt;&gt;</a>&nbsp;&nbsp;&nbsp;modbus_pdu_write_single_coil
<LI><a href="#[a2]">&gt;&gt;</a>&nbsp;&nbsp;&nbsp;modbus_pdu_write_multiple_coils
</UL>

<P><STRONG><a name="[ab]"></a>modbus_data_write_holding_register</STRONG> (Thumb, 44 bytes, Stack size 16 bytes, modbus_data.o(i.modbus_data_write_holding_register))
<BR><BR>[Stack]<UL><LI>Max Depth = 16<LI>Call Chain = modbus_data_write_holding_register
</UL>
<BR>[Called By]<UL><LI><a href="#[a1]">&gt;&gt;</a>&nbsp;&nbsp;&nbsp;modbus_pdu_write_single_register
<LI><a href="#[a3]">&gt;&gt;</a>&nbsp;&nbsp;&nbsp;modbus_pdu_write_multiple_registers
</UL>

<P><STRONG><a name="[8b]"></a>modbus_pdu_process</STRONG> (Thumb, 250 bytes, Stack size 32 bytes, modbus_pdu.o(i.modbus_pdu_process))
<BR><BR>[Stack]<UL><LI>Max Depth = 112<LI>Call Chain = modbus_pdu_process &rArr; modbus_pdu_read_discrete_inputs &rArr; modbus_data_read_discrete_inputs_byte &rArr; modbus_data_read_discrete_input
</UL>
<BR>[Calls]<UL><LI><a href="#[a1]">&gt;&gt;</a>&nbsp;&nbsp;&nbsp;modbus_pdu_write_single_register
<LI><a href="#[a0]">&gt;&gt;</a>&nbsp;&nbsp;&nbsp;modbus_pdu_write_single_coil
<LI><a href="#[a3]">&gt;&gt;</a>&nbsp;&nbsp;&nbsp;modbus_pdu_write_multiple_registers
<LI><a href="#[a2]">&gt;&gt;</a>&nbsp;&nbsp;&nbsp;modbus_pdu_write_multiple_coils
<LI><a href="#[9f]">&gt;&gt;</a>&nbsp;&nbsp;&nbsp;modbus_pdu_read_input_registers
<LI><a href="#[9e]">&gt;&gt;</a>&nbsp;&nbsp;&nbsp;modbus_pdu_read_holding_registers
<LI><a href="#[9d]">&gt;&gt;</a>&nbsp;&nbsp;&nbsp;modbus_pdu_read_discrete_inputs
<LI><a href="#[9c]">&gt;&gt;</a>&nbsp;&nbsp;&nbsp;modbus_pdu_read_coils
</UL>
<BR>[Called By]<UL><LI><a href="#[60]">&gt;&gt;</a>&nbsp;&nbsp;&nbsp;action_process_frame
</UL>

<P><STRONG><a name="[9c]"></a>modbus_pdu_read_coils</STRONG> (Thumb, 150 bytes, Stack size 40 bytes, modbus_pdu.o(i.modbus_pdu_read_coils))
<BR><BR>[Stack]<UL><LI>Max Depth = 80<LI>Call Chain = modbus_pdu_read_coils &rArr; modbus_data_read_coils_byte &rArr; modbus_data_read_coil
</UL>
<BR>[Calls]<UL><LI><a href="#[98]">&gt;&gt;</a>&nbsp;&nbsp;&nbsp;modbus_data_read_coils_byte
<LI><a href="#[a4]">&gt;&gt;</a>&nbsp;&nbsp;&nbsp;modbus_data_check_coil_range
</UL>
<BR>[Called By]<UL><LI><a href="#[8b]">&gt;&gt;</a>&nbsp;&nbsp;&nbsp;modbus_pdu_process
</UL>

<P><STRONG><a name="[9d]"></a>modbus_pdu_read_discrete_inputs</STRONG> (Thumb, 150 bytes, Stack size 40 bytes, modbus_pdu.o(i.modbus_pdu_read_discrete_inputs))
<BR><BR>[Stack]<UL><LI>Max Depth = 80<LI>Call Chain = modbus_pdu_read_discrete_inputs &rArr; modbus_data_read_discrete_inputs_byte &rArr; modbus_data_read_discrete_input
</UL>
<BR>[Calls]<UL><LI><a href="#[9a]">&gt;&gt;</a>&nbsp;&nbsp;&nbsp;modbus_data_read_discrete_inputs_byte
<LI><a href="#[a5]">&gt;&gt;</a>&nbsp;&nbsp;&nbsp;modbus_data_check_discrete_input_range
</UL>
<BR>[Called By]<UL><LI><a href="#[8b]">&gt;&gt;</a>&nbsp;&nbsp;&nbsp;modbus_pdu_process
</UL>

<P><STRONG><a name="[9e]"></a>modbus_pdu_read_holding_registers</STRONG> (Thumb, 158 bytes, Stack size 56 bytes, modbus_pdu.o(i.modbus_pdu_read_holding_registers))
<BR><BR>[Stack]<UL><LI>Max Depth = 64<LI>Call Chain = modbus_pdu_read_holding_registers &rArr; modbus_data_read_holding_register
</UL>
<BR>[Calls]<UL><LI><a href="#[a7]">&gt;&gt;</a>&nbsp;&nbsp;&nbsp;modbus_data_read_holding_register
<LI><a href="#[a6]">&gt;&gt;</a>&nbsp;&nbsp;&nbsp;modbus_data_check_holding_register_range
</UL>
<BR>[Called By]<UL><LI><a href="#[8b]">&gt;&gt;</a>&nbsp;&nbsp;&nbsp;modbus_pdu_process
</UL>

<P><STRONG><a name="[9f]"></a>modbus_pdu_read_input_registers</STRONG> (Thumb, 158 bytes, Stack size 56 bytes, modbus_pdu.o(i.modbus_pdu_read_input_registers))
<BR><BR>[Stack]<UL><LI>Max Depth = 64<LI>Call Chain = modbus_pdu_read_input_registers &rArr; modbus_data_read_input_register
</UL>
<BR>[Calls]<UL><LI><a href="#[a9]">&gt;&gt;</a>&nbsp;&nbsp;&nbsp;modbus_data_read_input_register
<LI><a href="#[a8]">&gt;&gt;</a>&nbsp;&nbsp;&nbsp;modbus_data_check_input_register_range
</UL>
<BR>[Called By]<UL><LI><a href="#[8b]">&gt;&gt;</a>&nbsp;&nbsp;&nbsp;modbus_pdu_process
</UL>

<P><STRONG><a name="[a2]"></a>modbus_pdu_write_multiple_coils</STRONG> (Thumb, 216 bytes, Stack size 48 bytes, modbus_pdu.o(i.modbus_pdu_write_multiple_coils))
<BR><BR>[Stack]<UL><LI>Max Depth = 72<LI>Call Chain = modbus_pdu_write_multiple_coils &rArr; modbus_data_write_coil
</UL>
<BR>[Calls]<UL><LI><a href="#[aa]">&gt;&gt;</a>&nbsp;&nbsp;&nbsp;modbus_data_write_coil
<LI><a href="#[a4]">&gt;&gt;</a>&nbsp;&nbsp;&nbsp;modbus_data_check_coil_range
</UL>
<BR>[Called By]<UL><LI><a href="#[8b]">&gt;&gt;</a>&nbsp;&nbsp;&nbsp;modbus_pdu_process
</UL>

<P><STRONG><a name="[a3]"></a>modbus_pdu_write_multiple_registers</STRONG> (Thumb, 184 bytes, Stack size 40 bytes, modbus_pdu.o(i.modbus_pdu_write_multiple_registers))
<BR><BR>[Stack]<UL><LI>Max Depth = 56<LI>Call Chain = modbus_pdu_write_multiple_registers &rArr; modbus_data_write_holding_register
</UL>
<BR>[Calls]<UL><LI><a href="#[ab]">&gt;&gt;</a>&nbsp;&nbsp;&nbsp;modbus_data_write_holding_register
<LI><a href="#[a6]">&gt;&gt;</a>&nbsp;&nbsp;&nbsp;modbus_data_check_holding_register_range
</UL>
<BR>[Called By]<UL><LI><a href="#[8b]">&gt;&gt;</a>&nbsp;&nbsp;&nbsp;modbus_pdu_process
</UL>

<P><STRONG><a name="[a0]"></a>modbus_pdu_write_single_coil</STRONG> (Thumb, 112 bytes, Stack size 32 bytes, modbus_pdu.o(i.modbus_pdu_write_single_coil))
<BR><BR>[Stack]<UL><LI>Max Depth = 56<LI>Call Chain = modbus_pdu_write_single_coil &rArr; modbus_data_write_coil
</UL>
<BR>[Calls]<UL><LI><a href="#[aa]">&gt;&gt;</a>&nbsp;&nbsp;&nbsp;modbus_data_write_coil
<LI><a href="#[a4]">&gt;&gt;</a>&nbsp;&nbsp;&nbsp;modbus_data_check_coil_range
</UL>
<BR>[Called By]<UL><LI><a href="#[8b]">&gt;&gt;</a>&nbsp;&nbsp;&nbsp;modbus_pdu_process
</UL>

<P><STRONG><a name="[a1]"></a>modbus_pdu_write_single_register</STRONG> (Thumb, 86 bytes, Stack size 32 bytes, modbus_pdu.o(i.modbus_pdu_write_single_register))
<BR><BR>[Stack]<UL><LI>Max Depth = 48<LI>Call Chain = modbus_pdu_write_single_register &rArr; modbus_data_write_holding_register
</UL>
<BR>[Calls]<UL><LI><a href="#[ab]">&gt;&gt;</a>&nbsp;&nbsp;&nbsp;modbus_data_write_holding_register
<LI><a href="#[a6]">&gt;&gt;</a>&nbsp;&nbsp;&nbsp;modbus_data_check_holding_register_range
</UL>
<BR>[Called By]<UL><LI><a href="#[8b]">&gt;&gt;</a>&nbsp;&nbsp;&nbsp;modbus_pdu_process
</UL>

<P><STRONG><a name="[8d]"></a>modbus_rtu_build_exception</STRONG> (Thumb, 68 bytes, Stack size 24 bytes, modbus_rtu.o(i.modbus_rtu_build_exception))
<BR><BR>[Stack]<UL><LI>Max Depth = 52<LI>Call Chain = modbus_rtu_build_exception &rArr; modbus_crc_append &rArr; modbus_crc16
</UL>
<BR>[Calls]<UL><LI><a href="#[8c]">&gt;&gt;</a>&nbsp;&nbsp;&nbsp;modbus_crc_append
</UL>
<BR>[Called By]<UL><LI><a href="#[60]">&gt;&gt;</a>&nbsp;&nbsp;&nbsp;action_process_frame
</UL>

<P><STRONG><a name="[8a]"></a>modbus_rtu_parse</STRONG> (Thumb, 64 bytes, Stack size 16 bytes, modbus_rtu.o(i.modbus_rtu_parse))
<BR><BR>[Stack]<UL><LI>Max Depth = 48<LI>Call Chain = modbus_rtu_parse &rArr; modbus_crc_verify &rArr; modbus_crc16
</UL>
<BR>[Calls]<UL><LI><a href="#[88]">&gt;&gt;</a>&nbsp;&nbsp;&nbsp;modbus_crc_verify
</UL>
<BR>[Called By]<UL><LI><a href="#[60]">&gt;&gt;</a>&nbsp;&nbsp;&nbsp;action_process_frame
</UL>

<P><STRONG><a name="[ac]"></a>modbus_slave_init</STRONG> (Thumb, 66 bytes, Stack size 8 bytes, modbus_slave.o(i.modbus_slave_init))
<BR><BR>[Stack]<UL><LI>Max Depth = 16<LI>Call Chain = modbus_slave_init &rArr; hal_timer_set_callback
</UL>
<BR>[Calls]<UL><LI><a href="#[af]">&gt;&gt;</a>&nbsp;&nbsp;&nbsp;hal_timer_set_callback
<LI><a href="#[ae]">&gt;&gt;</a>&nbsp;&nbsp;&nbsp;hal_uart_set_tx_complete_callback
<LI><a href="#[ad]">&gt;&gt;</a>&nbsp;&nbsp;&nbsp;hal_uart_set_rx_callback
<LI><a href="#[97]">&gt;&gt;</a>&nbsp;&nbsp;&nbsp;__aeabi_memclr4
</UL>
<BR>[Called By]<UL><LI><a href="#[93]">&gt;&gt;</a>&nbsp;&nbsp;&nbsp;system_init
</UL>

<P><STRONG><a name="[94]"></a>modbus_slave_poll</STRONG> (Thumb, 2 bytes, Stack size 0 bytes, modbus_slave.o(i.modbus_slave_poll))
<BR><BR>[Called By]<UL><LI><a href="#[51]">&gt;&gt;</a>&nbsp;&nbsp;&nbsp;main
</UL>

<P><STRONG><a name="[c8]"></a>modbus_slave_set_error_callback</STRONG> (Thumb, 8 bytes, Stack size 0 bytes, modbus_slave.o(i.modbus_slave_set_error_callback))
<BR><BR>[Called By]<UL><LI><a href="#[93]">&gt;&gt;</a>&nbsp;&nbsp;&nbsp;system_init
</UL>

<P><STRONG><a name="[b5]"></a>nvic_irq_disable</STRONG> (Thumb, 38 bytes, Stack size 8 bytes, at32f423_misc.o(i.nvic_irq_disable))
<BR><BR>[Stack]<UL><LI>Max Depth = 8<LI>Call Chain = nvic_irq_disable
</UL>
<BR>[Called By]<UL><LI><a href="#[65]">&gt;&gt;</a>&nbsp;&nbsp;&nbsp;port_uart_deinit
<LI><a href="#[6a]">&gt;&gt;</a>&nbsp;&nbsp;&nbsp;port_timer_deinit
</UL>

<P><STRONG><a name="[ba]"></a>nvic_irq_enable</STRONG> (Thumb, 190 bytes, Stack size 32 bytes, at32f423_misc.o(i.nvic_irq_enable))
<BR><BR>[Stack]<UL><LI>Max Depth = 32<LI>Call Chain = nvic_irq_enable
</UL>
<BR>[Called By]<UL><LI><a href="#[64]">&gt;&gt;</a>&nbsp;&nbsp;&nbsp;port_uart_init
<LI><a href="#[69]">&gt;&gt;</a>&nbsp;&nbsp;&nbsp;port_timer_init
</UL>

<P><STRONG><a name="[b1]"></a>port_timer_at32_register</STRONG> (Thumb, 10 bytes, Stack size 8 bytes, port_timer_at32.o(i.port_timer_at32_register))
<BR><BR>[Stack]<UL><LI>Max Depth = 8<LI>Call Chain = port_timer_at32_register
</UL>
<BR>[Calls]<UL><LI><a href="#[b2]">&gt;&gt;</a>&nbsp;&nbsp;&nbsp;hal_timer_register
</UL>
<BR>[Called By]<UL><LI><a href="#[93]">&gt;&gt;</a>&nbsp;&nbsp;&nbsp;system_init
</UL>

<P><STRONG><a name="[bd]"></a>port_uart_at32_register</STRONG> (Thumb, 10 bytes, Stack size 8 bytes, port_uart_at32.o(i.port_uart_at32_register))
<BR><BR>[Stack]<UL><LI>Max Depth = 8<LI>Call Chain = port_uart_at32_register
</UL>
<BR>[Calls]<UL><LI><a href="#[be]">&gt;&gt;</a>&nbsp;&nbsp;&nbsp;hal_uart_register
</UL>
<BR>[Called By]<UL><LI><a href="#[93]">&gt;&gt;</a>&nbsp;&nbsp;&nbsp;system_init
</UL>

<P><STRONG><a name="[b7]"></a>tmr_base_init</STRONG> (Thumb, 16 bytes, Stack size 0 bytes, at32f423_tmr.o(i.tmr_base_init))
<BR><BR>[Called By]<UL><LI><a href="#[69]">&gt;&gt;</a>&nbsp;&nbsp;&nbsp;port_timer_init
</UL>

<P><STRONG><a name="[b8]"></a>tmr_clock_source_div_set</STRONG> (Thumb, 10 bytes, Stack size 0 bytes, at32f423_tmr.o(i.tmr_clock_source_div_set))
<BR><BR>[Called By]<UL><LI><a href="#[69]">&gt;&gt;</a>&nbsp;&nbsp;&nbsp;port_timer_init
</UL>

<P><STRONG><a name="[b9]"></a>tmr_cnt_dir_set</STRONG> (Thumb, 10 bytes, Stack size 0 bytes, at32f423_tmr.o(i.tmr_cnt_dir_set))
<BR><BR>[Called By]<UL><LI><a href="#[69]">&gt;&gt;</a>&nbsp;&nbsp;&nbsp;port_timer_init
</UL>

<P><STRONG><a name="[7e]"></a>tmr_counter_enable</STRONG> (Thumb, 10 bytes, Stack size 0 bytes, at32f423_tmr.o(i.tmr_counter_enable))
<BR><BR>[Called By]<UL><LI><a href="#[27]">&gt;&gt;</a>&nbsp;&nbsp;&nbsp;TMR3_GLOBAL_IRQHandler
<LI><a href="#[6c]">&gt;&gt;</a>&nbsp;&nbsp;&nbsp;port_timer_stop
<LI><a href="#[6b]">&gt;&gt;</a>&nbsp;&nbsp;&nbsp;port_timer_start
<LI><a href="#[69]">&gt;&gt;</a>&nbsp;&nbsp;&nbsp;port_timer_init
<LI><a href="#[6a]">&gt;&gt;</a>&nbsp;&nbsp;&nbsp;port_timer_deinit
</UL>

<P><STRONG><a name="[bb]"></a>tmr_counter_value_set</STRONG> (Thumb, 4 bytes, Stack size 0 bytes, at32f423_tmr.o(i.tmr_counter_value_set))
<BR><BR>[Called By]<UL><LI><a href="#[6b]">&gt;&gt;</a>&nbsp;&nbsp;&nbsp;port_timer_start
<LI><a href="#[6d]">&gt;&gt;</a>&nbsp;&nbsp;&nbsp;port_timer_reset
</UL>

<P><STRONG><a name="[7d]"></a>tmr_flag_clear</STRONG> (Thumb, 6 bytes, Stack size 0 bytes, at32f423_tmr.o(i.tmr_flag_clear))
<BR><BR>[Called By]<UL><LI><a href="#[27]">&gt;&gt;</a>&nbsp;&nbsp;&nbsp;TMR3_GLOBAL_IRQHandler
<LI><a href="#[6b]">&gt;&gt;</a>&nbsp;&nbsp;&nbsp;port_timer_start
<LI><a href="#[6d]">&gt;&gt;</a>&nbsp;&nbsp;&nbsp;port_timer_reset
<LI><a href="#[69]">&gt;&gt;</a>&nbsp;&nbsp;&nbsp;port_timer_init
</UL>

<P><STRONG><a name="[7c]"></a>tmr_flag_get</STRONG> (Thumb, 18 bytes, Stack size 0 bytes, at32f423_tmr.o(i.tmr_flag_get))
<BR><BR>[Called By]<UL><LI><a href="#[27]">&gt;&gt;</a>&nbsp;&nbsp;&nbsp;TMR3_GLOBAL_IRQHandler
<LI><a href="#[70]">&gt;&gt;</a>&nbsp;&nbsp;&nbsp;port_timer_is_expired
</UL>

<P><STRONG><a name="[b4]"></a>tmr_interrupt_enable</STRONG> (Thumb, 22 bytes, Stack size 0 bytes, at32f423_tmr.o(i.tmr_interrupt_enable))
<BR><BR>[Called By]<UL><LI><a href="#[6c]">&gt;&gt;</a>&nbsp;&nbsp;&nbsp;port_timer_stop
<LI><a href="#[6b]">&gt;&gt;</a>&nbsp;&nbsp;&nbsp;port_timer_start
<LI><a href="#[69]">&gt;&gt;</a>&nbsp;&nbsp;&nbsp;port_timer_init
<LI><a href="#[6a]">&gt;&gt;</a>&nbsp;&nbsp;&nbsp;port_timer_deinit
</UL>

<P><STRONG><a name="[bc]"></a>tmr_period_value_set</STRONG> (Thumb, 4 bytes, Stack size 0 bytes, at32f423_tmr.o(i.tmr_period_value_set))
<BR><BR>[Called By]<UL><LI><a href="#[6e]">&gt;&gt;</a>&nbsp;&nbsp;&nbsp;port_timer_set_timeout
</UL>

<P><STRONG><a name="[b3]"></a>tmr_reset</STRONG> (Thumb, 330 bytes, Stack size 8 bytes, at32f423_tmr.o(i.tmr_reset))
<BR><BR>[Stack]<UL><LI>Max Depth = 16<LI>Call Chain = tmr_reset &rArr; crm_periph_reset
</UL>
<BR>[Calls]<UL><LI><a href="#[cb]">&gt;&gt;</a>&nbsp;&nbsp;&nbsp;crm_periph_reset
</UL>
<BR>[Called By]<UL><LI><a href="#[69]">&gt;&gt;</a>&nbsp;&nbsp;&nbsp;port_timer_init
<LI><a href="#[6a]">&gt;&gt;</a>&nbsp;&nbsp;&nbsp;port_timer_deinit
</UL>

<P><STRONG><a name="[80]"></a>usart_data_receive</STRONG> (Thumb, 8 bytes, Stack size 0 bytes, at32f423_usart.o(i.usart_data_receive))
<BR><BR>[Called By]<UL><LI><a href="#[2f]">&gt;&gt;</a>&nbsp;&nbsp;&nbsp;USART1_IRQHandler
</UL>

<P><STRONG><a name="[82]"></a>usart_data_transmit</STRONG> (Thumb, 8 bytes, Stack size 0 bytes, at32f423_usart.o(i.usart_data_transmit))
<BR><BR>[Called By]<UL><LI><a href="#[2f]">&gt;&gt;</a>&nbsp;&nbsp;&nbsp;USART1_IRQHandler
<LI><a href="#[66]">&gt;&gt;</a>&nbsp;&nbsp;&nbsp;port_uart_send
</UL>

<P><STRONG><a name="[c0]"></a>usart_enable</STRONG> (Thumb, 10 bytes, Stack size 0 bytes, at32f423_usart.o(i.usart_enable))
<BR><BR>[Called By]<UL><LI><a href="#[64]">&gt;&gt;</a>&nbsp;&nbsp;&nbsp;port_uart_init
<LI><a href="#[65]">&gt;&gt;</a>&nbsp;&nbsp;&nbsp;port_uart_deinit
</UL>

<P><STRONG><a name="[7f]"></a>usart_flag_get</STRONG> (Thumb, 16 bytes, Stack size 0 bytes, at32f423_usart.o(i.usart_flag_get))
<BR><BR>[Called By]<UL><LI><a href="#[2f]">&gt;&gt;</a>&nbsp;&nbsp;&nbsp;USART1_IRQHandler
</UL>

<P><STRONG><a name="[c2]"></a>usart_init</STRONG> (Thumb, 338 bytes, Stack size 48 bytes, at32f423_usart.o(i.usart_init))
<BR><BR>[Stack]<UL><LI>Max Depth = 152<LI>Call Chain = usart_init &rArr; crm_clocks_freq_get &rArr; __aeabi_uldivmod
</UL>
<BR>[Calls]<UL><LI><a href="#[cc]">&gt;&gt;</a>&nbsp;&nbsp;&nbsp;crm_usart_clock_get
<LI><a href="#[91]">&gt;&gt;</a>&nbsp;&nbsp;&nbsp;crm_clocks_freq_get
</UL>
<BR>[Called By]<UL><LI><a href="#[64]">&gt;&gt;</a>&nbsp;&nbsp;&nbsp;port_uart_init
</UL>

<P><STRONG><a name="[81]"></a>usart_interrupt_enable</STRONG> (Thumb, 54 bytes, Stack size 12 bytes, at32f423_usart.o(i.usart_interrupt_enable))
<BR><BR>[Stack]<UL><LI>Max Depth = 12<LI>Call Chain = usart_interrupt_enable
</UL>
<BR>[Called By]<UL><LI><a href="#[2f]">&gt;&gt;</a>&nbsp;&nbsp;&nbsp;USART1_IRQHandler
<LI><a href="#[66]">&gt;&gt;</a>&nbsp;&nbsp;&nbsp;port_uart_send
<LI><a href="#[64]">&gt;&gt;</a>&nbsp;&nbsp;&nbsp;port_uart_init
</UL>

<P><STRONG><a name="[c3]"></a>usart_parity_selection_config</STRONG> (Thumb, 76 bytes, Stack size 0 bytes, at32f423_usart.o(i.usart_parity_selection_config))
<BR><BR>[Called By]<UL><LI><a href="#[64]">&gt;&gt;</a>&nbsp;&nbsp;&nbsp;port_uart_init
</UL>

<P><STRONG><a name="[c5]"></a>usart_receiver_enable</STRONG> (Thumb, 10 bytes, Stack size 0 bytes, at32f423_usart.o(i.usart_receiver_enable))
<BR><BR>[Called By]<UL><LI><a href="#[64]">&gt;&gt;</a>&nbsp;&nbsp;&nbsp;port_uart_init
</UL>

<P><STRONG><a name="[bf]"></a>usart_reset</STRONG> (Thumb, 192 bytes, Stack size 8 bytes, at32f423_usart.o(i.usart_reset))
<BR><BR>[Stack]<UL><LI>Max Depth = 16<LI>Call Chain = usart_reset &rArr; crm_periph_reset
</UL>
<BR>[Calls]<UL><LI><a href="#[cb]">&gt;&gt;</a>&nbsp;&nbsp;&nbsp;crm_periph_reset
</UL>
<BR>[Called By]<UL><LI><a href="#[64]">&gt;&gt;</a>&nbsp;&nbsp;&nbsp;port_uart_init
<LI><a href="#[65]">&gt;&gt;</a>&nbsp;&nbsp;&nbsp;port_uart_deinit
</UL>

<P><STRONG><a name="[c4]"></a>usart_transmitter_enable</STRONG> (Thumb, 10 bytes, Stack size 0 bytes, at32f423_usart.o(i.usart_transmitter_enable))
<BR><BR>[Called By]<UL><LI><a href="#[64]">&gt;&gt;</a>&nbsp;&nbsp;&nbsp;port_uart_init
</UL>
<P>
<H3>
Local Symbols
</H3>
<P><STRONG><a name="[59]"></a>on_coil_written</STRONG> (Thumb, 74 bytes, Stack size 16 bytes, main.o(i.on_coil_written))
<BR><BR>[Stack]<UL><LI>Max Depth = 40<LI>Call Chain = on_coil_written &rArr; __2printf
</UL>
<BR>[Calls]<UL><LI><a href="#[b0]">&gt;&gt;</a>&nbsp;&nbsp;&nbsp;__2printf
</UL>
<BR>[Address Reference Count : 1]<UL><LI> main.o(.constdata)
</UL>
<P><STRONG><a name="[5a]"></a>on_discrete_input_read</STRONG> (Thumb, 78 bytes, Stack size 12 bytes, main.o(i.on_discrete_input_read))
<BR><BR>[Stack]<UL><LI>Max Depth = 12<LI>Call Chain = on_discrete_input_read
</UL>
<BR>[Address Reference Count : 1]<UL><LI> main.o(.constdata)
</UL>
<P><STRONG><a name="[58]"></a>on_error</STRONG> (Thumb, 14 bytes, Stack size 8 bytes, main.o(i.on_error))
<BR><BR>[Stack]<UL><LI>Max Depth = 32<LI>Call Chain = on_error &rArr; __2printf
</UL>
<BR>[Calls]<UL><LI><a href="#[b0]">&gt;&gt;</a>&nbsp;&nbsp;&nbsp;__2printf
</UL>
<BR>[Address Reference Count : 1]<UL><LI> main.o(i.system_init)
</UL>
<P><STRONG><a name="[5b]"></a>on_holding_reg_written</STRONG> (Thumb, 82 bytes, Stack size 16 bytes, main.o(i.on_holding_reg_written))
<BR><BR>[Stack]<UL><LI>Max Depth = 40<LI>Call Chain = on_holding_reg_written &rArr; __2printf
</UL>
<BR>[Calls]<UL><LI><a href="#[b0]">&gt;&gt;</a>&nbsp;&nbsp;&nbsp;__2printf
</UL>
<BR>[Address Reference Count : 1]<UL><LI> main.o(.constdata)
</UL>
<P><STRONG><a name="[5c]"></a>on_input_reg_read</STRONG> (Thumb, 54 bytes, Stack size 0 bytes, main.o(i.on_input_reg_read))
<BR>[Address Reference Count : 1]<UL><LI> main.o(.constdata)
</UL>
<P><STRONG><a name="[93]"></a>system_init</STRONG> (Thumb, 102 bytes, Stack size 64 bytes, main.o(i.system_init))
<BR><BR>[Stack]<UL><LI>Max Depth = 88<LI>Call Chain = system_init &rArr; __2printf
</UL>
<BR>[Calls]<UL><LI><a href="#[bd]">&gt;&gt;</a>&nbsp;&nbsp;&nbsp;port_uart_at32_register
<LI><a href="#[b1]">&gt;&gt;</a>&nbsp;&nbsp;&nbsp;port_timer_at32_register
<LI><a href="#[c8]">&gt;&gt;</a>&nbsp;&nbsp;&nbsp;modbus_slave_set_error_callback
<LI><a href="#[ac]">&gt;&gt;</a>&nbsp;&nbsp;&nbsp;modbus_slave_init
<LI><a href="#[96]">&gt;&gt;</a>&nbsp;&nbsp;&nbsp;modbus_data_init
<LI><a href="#[c9]">&gt;&gt;</a>&nbsp;&nbsp;&nbsp;hal_uart_init
<LI><a href="#[ca]">&gt;&gt;</a>&nbsp;&nbsp;&nbsp;hal_timer_init
<LI><a href="#[c7]">&gt;&gt;</a>&nbsp;&nbsp;&nbsp;__aeabi_memcpy4
<LI><a href="#[b0]">&gt;&gt;</a>&nbsp;&nbsp;&nbsp;__2printf
</UL>
<BR>[Called By]<UL><LI><a href="#[51]">&gt;&gt;</a>&nbsp;&nbsp;&nbsp;main
</UL>

<P><STRONG><a name="[61]"></a>action_handle_error</STRONG> (Thumb, 40 bytes, Stack size 8 bytes, modbus_slave.o(i.action_handle_error))
<BR><BR>[Stack]<UL><LI>Max Depth = 24<LI>Call Chain = action_handle_error &rArr; action_reset &rArr; hal_timer_stop
</UL>
<BR>[Calls]<UL><LI><a href="#[5e]">&gt;&gt;</a>&nbsp;&nbsp;&nbsp;action_reset
</UL>
<BR>[Address Reference Count : 1]<UL><LI> modbus_slave.o(.constdata)
</UL>
<P><STRONG><a name="[60]"></a>action_process_frame</STRONG> (Thumb, 330 bytes, Stack size 32 bytes, modbus_slave.o(i.action_process_frame))
<BR><BR>[Stack]<UL><LI>Max Depth = 144<LI>Call Chain = action_process_frame &rArr; modbus_pdu_process &rArr; modbus_pdu_read_discrete_inputs &rArr; modbus_data_read_discrete_inputs_byte &rArr; modbus_data_read_discrete_input
</UL>
<BR>[Calls]<UL><LI><a href="#[89]">&gt;&gt;</a>&nbsp;&nbsp;&nbsp;state_machine_process_event
<LI><a href="#[87]">&gt;&gt;</a>&nbsp;&nbsp;&nbsp;hal_timer_stop
<LI><a href="#[8b]">&gt;&gt;</a>&nbsp;&nbsp;&nbsp;modbus_pdu_process
<LI><a href="#[88]">&gt;&gt;</a>&nbsp;&nbsp;&nbsp;modbus_crc_verify
<LI><a href="#[8c]">&gt;&gt;</a>&nbsp;&nbsp;&nbsp;modbus_crc_append
<LI><a href="#[8a]">&gt;&gt;</a>&nbsp;&nbsp;&nbsp;modbus_rtu_parse
<LI><a href="#[8d]">&gt;&gt;</a>&nbsp;&nbsp;&nbsp;modbus_rtu_build_exception
</UL>
<BR>[Address Reference Count : 1]<UL><LI> modbus_slave.o(.constdata)
</UL>
<P><STRONG><a name="[5e]"></a>action_reset</STRONG> (Thumb, 28 bytes, Stack size 8 bytes, modbus_slave.o(i.action_reset))
<BR><BR>[Stack]<UL><LI>Max Depth = 16<LI>Call Chain = action_reset &rArr; hal_timer_stop
</UL>
<BR>[Calls]<UL><LI><a href="#[87]">&gt;&gt;</a>&nbsp;&nbsp;&nbsp;hal_timer_stop
</UL>
<BR>[Called By]<UL><LI><a href="#[61]">&gt;&gt;</a>&nbsp;&nbsp;&nbsp;action_handle_error
</UL>
<BR>[Address Reference Count : 1]<UL><LI> modbus_slave.o(.constdata)
</UL>
<P><STRONG><a name="[5f]"></a>action_rx_byte</STRONG> (Thumb, 62 bytes, Stack size 8 bytes, modbus_slave.o(i.action_rx_byte))
<BR><BR>[Stack]<UL><LI>Max Depth = 32<LI>Call Chain = action_rx_byte &rArr; state_machine_process_event
</UL>
<BR>[Calls]<UL><LI><a href="#[89]">&gt;&gt;</a>&nbsp;&nbsp;&nbsp;state_machine_process_event
<LI><a href="#[8e]">&gt;&gt;</a>&nbsp;&nbsp;&nbsp;hal_timer_reset
</UL>
<BR>[Address Reference Count : 1]<UL><LI> modbus_slave.o(.constdata)
</UL>
<P><STRONG><a name="[5d]"></a>action_start_rx</STRONG> (Thumb, 42 bytes, Stack size 8 bytes, modbus_slave.o(i.action_start_rx))
<BR><BR>[Stack]<UL><LI>Max Depth = 16<LI>Call Chain = action_start_rx &rArr; hal_timer_start
</UL>
<BR>[Calls]<UL><LI><a href="#[8f]">&gt;&gt;</a>&nbsp;&nbsp;&nbsp;hal_timer_start
<LI><a href="#[8e]">&gt;&gt;</a>&nbsp;&nbsp;&nbsp;hal_timer_reset
</UL>
<BR>[Address Reference Count : 1]<UL><LI> modbus_slave.o(.constdata)
</UL>
<P><STRONG><a name="[62]"></a>action_start_tx</STRONG> (Thumb, 32 bytes, Stack size 8 bytes, modbus_slave.o(i.action_start_tx))
<BR><BR>[Stack]<UL><LI>Max Depth = 24<LI>Call Chain = action_start_tx &rArr; hal_uart_send
</UL>
<BR>[Calls]<UL><LI><a href="#[90]">&gt;&gt;</a>&nbsp;&nbsp;&nbsp;hal_uart_send
</UL>
<BR>[Address Reference Count : 1]<UL><LI> modbus_slave.o(.constdata)
</UL>
<P><STRONG><a name="[63]"></a>action_tx_complete</STRONG> (Thumb, 32 bytes, Stack size 8 bytes, modbus_slave.o(i.action_tx_complete))
<BR><BR>[Stack]<UL><LI>Max Depth = 8<LI>Call Chain = action_tx_complete
</UL>
<BR>[Address Reference Count : 1]<UL><LI> modbus_slave.o(.constdata)
</UL>
<P><STRONG><a name="[89]"></a>state_machine_process_event</STRONG> (Thumb, 76 bytes, Stack size 24 bytes, modbus_slave.o(i.state_machine_process_event))
<BR><BR>[Stack]<UL><LI>Max Depth = 24<LI>Call Chain = state_machine_process_event
</UL>
<BR>[Called By]<UL><LI><a href="#[56]">&gt;&gt;</a>&nbsp;&nbsp;&nbsp;uart_tx_complete_callback
<LI><a href="#[55]">&gt;&gt;</a>&nbsp;&nbsp;&nbsp;uart_rx_callback
<LI><a href="#[57]">&gt;&gt;</a>&nbsp;&nbsp;&nbsp;timer_timeout_callback
<LI><a href="#[5f]">&gt;&gt;</a>&nbsp;&nbsp;&nbsp;action_rx_byte
<LI><a href="#[60]">&gt;&gt;</a>&nbsp;&nbsp;&nbsp;action_process_frame
</UL>

<P><STRONG><a name="[57]"></a>timer_timeout_callback</STRONG> (Thumb, 18 bytes, Stack size 8 bytes, modbus_slave.o(i.timer_timeout_callback))
<BR><BR>[Stack]<UL><LI>Max Depth = 32<LI>Call Chain = timer_timeout_callback &rArr; state_machine_process_event
</UL>
<BR>[Calls]<UL><LI><a href="#[89]">&gt;&gt;</a>&nbsp;&nbsp;&nbsp;state_machine_process_event
</UL>
<BR>[Address Reference Count : 1]<UL><LI> modbus_slave.o(i.modbus_slave_init)
</UL>
<P><STRONG><a name="[55]"></a>uart_rx_callback</STRONG> (Thumb, 36 bytes, Stack size 8 bytes, modbus_slave.o(i.uart_rx_callback))
<BR><BR>[Stack]<UL><LI>Max Depth = 32<LI>Call Chain = uart_rx_callback &rArr; state_machine_process_event
</UL>
<BR>[Calls]<UL><LI><a href="#[89]">&gt;&gt;</a>&nbsp;&nbsp;&nbsp;state_machine_process_event
</UL>
<BR>[Address Reference Count : 1]<UL><LI> modbus_slave.o(i.modbus_slave_init)
</UL>
<P><STRONG><a name="[56]"></a>uart_tx_complete_callback</STRONG> (Thumb, 18 bytes, Stack size 8 bytes, modbus_slave.o(i.uart_tx_complete_callback))
<BR><BR>[Stack]<UL><LI>Max Depth = 32<LI>Call Chain = uart_tx_complete_callback &rArr; state_machine_process_event
</UL>
<BR>[Calls]<UL><LI><a href="#[89]">&gt;&gt;</a>&nbsp;&nbsp;&nbsp;state_machine_process_event
</UL>
<BR>[Address Reference Count : 1]<UL><LI> modbus_slave.o(i.modbus_slave_init)
</UL>
<P><STRONG><a name="[65]"></a>port_uart_deinit</STRONG> (Thumb, 24 bytes, Stack size 8 bytes, port_uart_at32.o(i.port_uart_deinit))
<BR><BR>[Stack]<UL><LI>Max Depth = 24<LI>Call Chain = port_uart_deinit &rArr; usart_reset &rArr; crm_periph_reset
</UL>
<BR>[Calls]<UL><LI><a href="#[bf]">&gt;&gt;</a>&nbsp;&nbsp;&nbsp;usart_reset
<LI><a href="#[c0]">&gt;&gt;</a>&nbsp;&nbsp;&nbsp;usart_enable
<LI><a href="#[b5]">&gt;&gt;</a>&nbsp;&nbsp;&nbsp;nvic_irq_disable
</UL>
<BR>[Address Reference Count : 1]<UL><LI> port_uart_at32.o(.constdata)
</UL>
<P><STRONG><a name="[64]"></a>port_uart_init</STRONG> (Thumb, 192 bytes, Stack size 24 bytes, port_uart_at32.o(i.port_uart_init))
<BR><BR>[Stack]<UL><LI>Max Depth = 176<LI>Call Chain = port_uart_init &rArr; usart_init &rArr; crm_clocks_freq_get &rArr; __aeabi_uldivmod
</UL>
<BR>[Calls]<UL><LI><a href="#[c4]">&gt;&gt;</a>&nbsp;&nbsp;&nbsp;usart_transmitter_enable
<LI><a href="#[bf]">&gt;&gt;</a>&nbsp;&nbsp;&nbsp;usart_reset
<LI><a href="#[c5]">&gt;&gt;</a>&nbsp;&nbsp;&nbsp;usart_receiver_enable
<LI><a href="#[c3]">&gt;&gt;</a>&nbsp;&nbsp;&nbsp;usart_parity_selection_config
<LI><a href="#[81]">&gt;&gt;</a>&nbsp;&nbsp;&nbsp;usart_interrupt_enable
<LI><a href="#[c2]">&gt;&gt;</a>&nbsp;&nbsp;&nbsp;usart_init
<LI><a href="#[c0]">&gt;&gt;</a>&nbsp;&nbsp;&nbsp;usart_enable
<LI><a href="#[ba]">&gt;&gt;</a>&nbsp;&nbsp;&nbsp;nvic_irq_enable
<LI><a href="#[c1]">&gt;&gt;</a>&nbsp;&nbsp;&nbsp;gpio_init
<LI><a href="#[b6]">&gt;&gt;</a>&nbsp;&nbsp;&nbsp;crm_periph_clock_enable
</UL>
<BR>[Address Reference Count : 1]<UL><LI> port_uart_at32.o(.constdata)
</UL>
<P><STRONG><a name="[66]"></a>port_uart_send</STRONG> (Thumb, 98 bytes, Stack size 16 bytes, port_uart_at32.o(i.port_uart_send))
<BR><BR>[Stack]<UL><LI>Max Depth = 28<LI>Call Chain = port_uart_send &rArr; usart_interrupt_enable
</UL>
<BR>[Calls]<UL><LI><a href="#[81]">&gt;&gt;</a>&nbsp;&nbsp;&nbsp;usart_interrupt_enable
<LI><a href="#[82]">&gt;&gt;</a>&nbsp;&nbsp;&nbsp;usart_data_transmit
<LI><a href="#[c6]">&gt;&gt;</a>&nbsp;&nbsp;&nbsp;__aeabi_memcpy
</UL>
<BR>[Address Reference Count : 1]<UL><LI> port_uart_at32.o(.constdata)
</UL>
<P><STRONG><a name="[67]"></a>port_uart_set_rx_callback</STRONG> (Thumb, 6 bytes, Stack size 0 bytes, port_uart_at32.o(i.port_uart_set_rx_callback))
<BR>[Address Reference Count : 1]<UL><LI> port_uart_at32.o(.constdata)
</UL>
<P><STRONG><a name="[68]"></a>port_uart_set_tx_complete_callback</STRONG> (Thumb, 6 bytes, Stack size 0 bytes, port_uart_at32.o(i.port_uart_set_tx_complete_callback))
<BR>[Address Reference Count : 1]<UL><LI> port_uart_at32.o(.constdata)
</UL>
<P><STRONG><a name="[6a]"></a>port_timer_deinit</STRONG> (Thumb, 34 bytes, Stack size 8 bytes, port_timer_at32.o(i.port_timer_deinit))
<BR><BR>[Stack]<UL><LI>Max Depth = 24<LI>Call Chain = port_timer_deinit &rArr; tmr_reset &rArr; crm_periph_reset
</UL>
<BR>[Calls]<UL><LI><a href="#[b5]">&gt;&gt;</a>&nbsp;&nbsp;&nbsp;nvic_irq_disable
<LI><a href="#[b3]">&gt;&gt;</a>&nbsp;&nbsp;&nbsp;tmr_reset
<LI><a href="#[b4]">&gt;&gt;</a>&nbsp;&nbsp;&nbsp;tmr_interrupt_enable
<LI><a href="#[7e]">&gt;&gt;</a>&nbsp;&nbsp;&nbsp;tmr_counter_enable
</UL>
<BR>[Address Reference Count : 1]<UL><LI> port_timer_at32.o(.constdata)
</UL>
<P><STRONG><a name="[69]"></a>port_timer_init</STRONG> (Thumb, 98 bytes, Stack size 16 bytes, port_timer_at32.o(i.port_timer_init))
<BR><BR>[Stack]<UL><LI>Max Depth = 48<LI>Call Chain = port_timer_init &rArr; nvic_irq_enable
</UL>
<BR>[Calls]<UL><LI><a href="#[ba]">&gt;&gt;</a>&nbsp;&nbsp;&nbsp;nvic_irq_enable
<LI><a href="#[b6]">&gt;&gt;</a>&nbsp;&nbsp;&nbsp;crm_periph_clock_enable
<LI><a href="#[b3]">&gt;&gt;</a>&nbsp;&nbsp;&nbsp;tmr_reset
<LI><a href="#[b4]">&gt;&gt;</a>&nbsp;&nbsp;&nbsp;tmr_interrupt_enable
<LI><a href="#[7d]">&gt;&gt;</a>&nbsp;&nbsp;&nbsp;tmr_flag_clear
<LI><a href="#[7e]">&gt;&gt;</a>&nbsp;&nbsp;&nbsp;tmr_counter_enable
<LI><a href="#[b9]">&gt;&gt;</a>&nbsp;&nbsp;&nbsp;tmr_cnt_dir_set
<LI><a href="#[b8]">&gt;&gt;</a>&nbsp;&nbsp;&nbsp;tmr_clock_source_div_set
<LI><a href="#[b7]">&gt;&gt;</a>&nbsp;&nbsp;&nbsp;tmr_base_init
</UL>
<BR>[Address Reference Count : 1]<UL><LI> port_timer_at32.o(.constdata)
</UL>
<P><STRONG><a name="[70]"></a>port_timer_is_expired</STRONG> (Thumb, 20 bytes, Stack size 8 bytes, port_timer_at32.o(i.port_timer_is_expired))
<BR><BR>[Stack]<UL><LI>Max Depth = 8<LI>Call Chain = port_timer_is_expired
</UL>
<BR>[Calls]<UL><LI><a href="#[7c]">&gt;&gt;</a>&nbsp;&nbsp;&nbsp;tmr_flag_get
</UL>
<BR>[Address Reference Count : 1]<UL><LI> port_timer_at32.o(.constdata)
</UL>
<P><STRONG><a name="[6d]"></a>port_timer_reset</STRONG> (Thumb, 20 bytes, Stack size 8 bytes, port_timer_at32.o(i.port_timer_reset))
<BR><BR>[Stack]<UL><LI>Max Depth = 8<LI>Call Chain = port_timer_reset
</UL>
<BR>[Calls]<UL><LI><a href="#[7d]">&gt;&gt;</a>&nbsp;&nbsp;&nbsp;tmr_flag_clear
<LI><a href="#[bb]">&gt;&gt;</a>&nbsp;&nbsp;&nbsp;tmr_counter_value_set
</UL>
<BR>[Address Reference Count : 1]<UL><LI> port_timer_at32.o(.constdata)
</UL>
<P><STRONG><a name="[6f]"></a>port_timer_set_callback</STRONG> (Thumb, 6 bytes, Stack size 0 bytes, port_timer_at32.o(i.port_timer_set_callback))
<BR>[Address Reference Count : 1]<UL><LI> port_timer_at32.o(.constdata)
</UL>
<P><STRONG><a name="[6e]"></a>port_timer_set_timeout</STRONG> (Thumb, 24 bytes, Stack size 16 bytes, port_timer_at32.o(i.port_timer_set_timeout))
<BR><BR>[Stack]<UL><LI>Max Depth = 16<LI>Call Chain = port_timer_set_timeout
</UL>
<BR>[Calls]<UL><LI><a href="#[bc]">&gt;&gt;</a>&nbsp;&nbsp;&nbsp;tmr_period_value_set
</UL>
<BR>[Address Reference Count : 1]<UL><LI> port_timer_at32.o(.constdata)
</UL>
<P><STRONG><a name="[6b]"></a>port_timer_start</STRONG> (Thumb, 38 bytes, Stack size 8 bytes, port_timer_at32.o(i.port_timer_start))
<BR><BR>[Stack]<UL><LI>Max Depth = 8<LI>Call Chain = port_timer_start
</UL>
<BR>[Calls]<UL><LI><a href="#[b4]">&gt;&gt;</a>&nbsp;&nbsp;&nbsp;tmr_interrupt_enable
<LI><a href="#[7d]">&gt;&gt;</a>&nbsp;&nbsp;&nbsp;tmr_flag_clear
<LI><a href="#[bb]">&gt;&gt;</a>&nbsp;&nbsp;&nbsp;tmr_counter_value_set
<LI><a href="#[7e]">&gt;&gt;</a>&nbsp;&nbsp;&nbsp;tmr_counter_enable
</UL>
<BR>[Address Reference Count : 1]<UL><LI> port_timer_at32.o(.constdata)
</UL>
<P><STRONG><a name="[6c]"></a>port_timer_stop</STRONG> (Thumb, 22 bytes, Stack size 8 bytes, port_timer_at32.o(i.port_timer_stop))
<BR><BR>[Stack]<UL><LI>Max Depth = 8<LI>Call Chain = port_timer_stop
</UL>
<BR>[Calls]<UL><LI><a href="#[b4]">&gt;&gt;</a>&nbsp;&nbsp;&nbsp;tmr_interrupt_enable
<LI><a href="#[7e]">&gt;&gt;</a>&nbsp;&nbsp;&nbsp;tmr_counter_enable
</UL>
<BR>[Address Reference Count : 1]<UL><LI> port_timer_at32.o(.constdata)
</UL>
<P><STRONG><a name="[84]"></a>_printf_core</STRONG> (Thumb, 996 bytes, Stack size 104 bytes, printf8.o(i._printf_core), UNUSED)
<BR><BR>[Calls]<UL><LI><a href="#[74]">&gt;&gt;</a>&nbsp;&nbsp;&nbsp;__aeabi_uldivmod
<LI><a href="#[85]">&gt;&gt;</a>&nbsp;&nbsp;&nbsp;_printf_pre_padding
<LI><a href="#[86]">&gt;&gt;</a>&nbsp;&nbsp;&nbsp;_printf_post_padding
</UL>
<BR>[Called By]<UL><LI><a href="#[83]">&gt;&gt;</a>&nbsp;&nbsp;&nbsp;__0printf$8
</UL>

<P><STRONG><a name="[86]"></a>_printf_post_padding</STRONG> (Thumb, 36 bytes, Stack size 24 bytes, printf8.o(i._printf_post_padding), UNUSED)
<BR><BR>[Called By]<UL><LI><a href="#[84]">&gt;&gt;</a>&nbsp;&nbsp;&nbsp;_printf_core
</UL>

<P><STRONG><a name="[85]"></a>_printf_pre_padding</STRONG> (Thumb, 46 bytes, Stack size 24 bytes, printf8.o(i._printf_pre_padding), UNUSED)
<BR><BR>[Called By]<UL><LI><a href="#[84]">&gt;&gt;</a>&nbsp;&nbsp;&nbsp;_printf_core
</UL>
<P>
<H3>
Undefined Global Symbols
</H3><HR></body></html>
